<html>
<body>
<pre>
<h1>µVision Build Log</h1>
<h2>Tool Versions:</h2>
IDE-Version: ¦ÌVision V5.38.0.0
Copyright (C) 2022 ARM Ltd and ARM Germany GmbH. All rights reserved.
License Information: Tony Huang
SZU
User-based license: Keil MDK Community
Valid until: Jun 1 2033. Cached until: Aug 15 2023
 
Tool Versions:
Toolchain:       Keil MDK Community  Version: 5.38.0.0
Toolchain Path:  D:\Softwares\Keil\ARM\ARMCLANG\Bin
C Compiler:      ArmClang.exe V6.19
Assembler:       Armasm.exe V6.19
Linker/Locator:  ArmLink.exe V6.19
Library Manager: ArmAr.exe V6.19
Hex Converter:   FromElf.exe V6.19
CPU DLL:         SARMCM3.DLL V5.38.0.0
Dialog DLL:      DCM.DLL V1.17.5.0
Target DLL:      STLink\ST-LINKIII-KEIL_SWO.dll V3.1.0.0
Dialog DLL:      TCM.DLL V1.56.4.0
 
<h2>Project:</h2>
D:\OneDrive - email.szu.edu.cn\Codes\VS Code\Cyclocomputer\Cyclocomputer.uvprojx
Project File Date:  08/09/2023

<h2>Output:</h2>
*** Using Compiler 'V6.19', folder: 'D:\Softwares\Keil\ARM\ARMCLANG\Bin'
Build target 'Target 1'
compiling IIC.c...
compiling Serial.c...
compiling ADC.c...
compiling PWM.c...
compiling Input_Capture.c...
compiling DMA.c...
compiling SPI.c...
compiling Timer.c...
compiling Timer_External_Clock.c...
compiling misc.c...
compiling stm32f10x_bkp.c...
compiling stm32f10x_cec.c...
compiling stm32f10x_adc.c...
compiling stm32f10x_can.c...
compiling stm32f10x_crc.c...
compiling stm32f10x_dac.c...
compiling stm32f10x_dbgmcu.c...
compiling stm32f10x_exti.c...
compiling stm32f10x_dma.c...
compiling stm32f10x_iwdg.c...
compiling stm32f10x_fsmc.c...
compiling stm32f10x_pwr.c...
compiling stm32f10x_flash.c...
compiling stm32f10x_gpio.c...
compiling stm32f10x_i2c.c...
compiling stm32f10x_rcc.c...
compiling stm32f10x_sdio.c...
compiling stm32f10x_spi.c...
compiling stm32f10x_rtc.c...
compiling stm32f10x_wwdg.c...
compiling stm32f10x_usart.c...
compiling Key.c...
compiling 0.96_OLED_IIC.c...
compiling W25Q64.c...
compiling MPU6050.c...
compiling stm32f10x_tim.c...
compiling test.c...
compiling Through_Beam_Sensor.c...
compiling core_cm3.c...
compiling DC_Motor.c...
compiling Servo_Motor.c...
compiling Rotary_Encoder.c...
assembling startup_stm32f10x_md.s...
compiling system_stm32f10x.c...
compiling Delay.c...
compiling stm32f10x_it.c...
compiling main.c...
compiling sys.c...
compiling croutine.c...
compiling 2.4TFT.c...
compiling event_groups.c...
compiling list.c...
compiling timers.c...
compiling port.c...
compiling queue.c...
compiling stream_buffer.c...
compiling heap_4.c...
compiling tasks.c...
linking...
Program Size: Code=7246 RO-data=6198 RW-data=0 ZI-data=1896  
FromELF: creating hex file...
".\Objects\Cyclocomputer.axf" - 0 Error(s), 0 Warning(s).

<h2>Software Packages used:</h2>

Package Vendor: Keil
                https://www.keil.com/pack/Keil.STM32F1xx_DFP.2.4.1.pack
                Keil.STM32F1xx_DFP.2.4.1
                STMicroelectronics STM32F1 Series Device Support, Drivers and Examples

<h2>Collection of Component include folders:</h2>
  D:/Data_of_Softwares/keil packs/Keil/STM32F1xx_DFP/2.4.1/Device/Include

<h2>Collection of Component Files used:</h2>
Build Time Elapsed:  00:00:04
</pre>
</body>
</html>
