<html>
<body>
<pre>
<h1>µVision Build Log</h1>
<h2>Tool Versions:</h2>
IDE-Version: ¦ÌVision V5.38.0.0
Copyright (C) 2022 ARM Ltd and ARM Germany GmbH. All rights reserved.
License Information: Tony Huang
SZU
User-based license: Keil MDK Community
Valid until: Jun 1 2033. Cached until: Aug 22 2023
 
Tool Versions:
Toolchain:       Keil MDK Community  Version: 5.38.0.0
Toolchain Path:  D:\Softwares\Keil\ARM\ARMCLANG\Bin
C Compiler:      ArmClang.exe V6.19
Assembler:       Armasm.exe V6.19
Linker/Locator:  ArmLink.exe V6.19
Library Manager: ArmAr.exe V6.19
Hex Converter:   FromElf.exe V6.19
CPU DLL:         SARMCM3.DLL V5.38.0.0
Dialog DLL:      DCM.DLL V1.17.5.0
Target DLL:      STLink\ST-LINKIII-KEIL_SWO.dll V3.1.0.0
Dialog DLL:      TCM.DLL V1.56.4.0
 
<h2>Project:</h2>
d:\OneDrive - email.szu.edu.cn\Codes\VS Code\Cyclocomputer-F407\Cyclocomputer-F407.uvprojx
Project File Date:  08/15/2023

<h2>Output:</h2>
*** Using Compiler 'V6.19', folder: 'D:\Softwares\Keil\ARM\ARMCLANG\Bin'
Build target 'Target 1'
compiling IIC.c...
compiling MPU6050.c...
compiling main.c...
compiling stm32f4xx_it.c...
linking...
Program Size: Code=7696 RO-data=3100 RW-data=4 ZI-data=1796  
FromELF: creating hex file...
".\Objects\Cyclocomputer-F407.axf" - 0 Error(s), 0 Warning(s).

<h2>Software Packages used:</h2>

Package Vendor: Keil
                https://www.keil.com/pack/Keil.STM32F4xx_DFP.2.17.1.pack
                Keil.STM32F4xx_DFP.2.17.1
                STMicroelectronics STM32F4 Series Device Support, Drivers and Examples

<h2>Collection of Component include folders:</h2>
  D:/Data_of_Softwares/keil packs/Keil/STM32F4xx_DFP/2.17.1/Drivers/CMSIS/Device/ST/STM32F4xx/Include

<h2>Collection of Component Files used:</h2>
Build Time Elapsed:  00:00:02
</pre>
</body>
</html>
