Component: Arm Compiler for Embedded 6.20 Tool: armlink [5e9ad600]

==============================================================================

Section Cross References

    startup_stm32f10x_md.o(STACK) refers (Special) to heapauxi.o(.text) for __use_two_region_memory
    startup_stm32f10x_md.o(HEAP) refers (Special) to heapauxi.o(.text) for __use_two_region_memory
    startup_stm32f10x_md.o(RESET) refers (Special) to heapauxi.o(.text) for __use_two_region_memory
    startup_stm32f10x_md.o(RESET) refers to startup_stm32f10x_md.o(STACK) for __initial_sp
    startup_stm32f10x_md.o(RESET) refers to startup_stm32f10x_md.o(.text) for Reset_Handler
    startup_stm32f10x_md.o(RESET) refers to stm32f10x_it.o(.text.NMI_Handler) for NMI_Handler
    startup_stm32f10x_md.o(RESET) refers to stm32f10x_it.o(.text.HardFault_Handler) for HardFault_Handler
    startup_stm32f10x_md.o(RESET) refers to stm32f10x_it.o(.text.MemManage_Handler) for MemManage_Handler
    startup_stm32f10x_md.o(RESET) refers to stm32f10x_it.o(.text.BusFault_Handler) for BusFault_Handler
    startup_stm32f10x_md.o(RESET) refers to stm32f10x_it.o(.text.UsageFault_Handler) for UsageFault_Handler
    startup_stm32f10x_md.o(RESET) refers to port.o(.text.SVC_Handler) for SVC_Handler
    startup_stm32f10x_md.o(RESET) refers to stm32f10x_it.o(.text.DebugMon_Handler) for DebugMon_Handler
    startup_stm32f10x_md.o(RESET) refers to port.o(.text.PendSV_Handler) for PendSV_Handler
    startup_stm32f10x_md.o(RESET) refers to port.o(.text.SysTick_Handler) for SysTick_Handler
    startup_stm32f10x_md.o(RESET) refers to Rotary_Encoder.o(.text.EXTI0_IRQHandler) for EXTI0_IRQHandler
    startup_stm32f10x_md.o(RESET) refers to Rotary_Encoder.o(.text.EXTI1_IRQHandler) for EXTI1_IRQHandler
    startup_stm32f10x_md.o(RESET) refers to Serial.o(.text.USART1_IRQHandler) for USART1_IRQHandler
    startup_stm32f10x_md.o(RESET) refers to Through_Beam_Sensor.o(.text.EXTI15_10_IRQHandler) for EXTI15_10_IRQHandler
    startup_stm32f10x_md.o(.text) refers (Special) to heapauxi.o(.text) for __use_two_region_memory
    startup_stm32f10x_md.o(.text) refers to system_stm32f10x.o(.text.SystemInit) for SystemInit
    startup_stm32f10x_md.o(.text) refers to __main.o(!!!main) for __main
    startup_stm32f10x_md.o(.text) refers to startup_stm32f10x_md.o(HEAP) for Heap_Mem
    startup_stm32f10x_md.o(.text) refers to startup_stm32f10x_md.o(STACK) for Stack_Mem
    ADC.o(.text.ADC_Initilize) refers to stm32f10x_rcc.o(.text.RCC_APB2PeriphClockCmd) for RCC_APB2PeriphClockCmd
    ADC.o(.text.ADC_Initilize) refers to stm32f10x_rcc.o(.text.RCC_ADCCLKConfig) for RCC_ADCCLKConfig
    ADC.o(.text.ADC_Initilize) refers to stm32f10x_gpio.o(.text.GPIO_Init) for GPIO_Init
    ADC.o(.text.ADC_Initilize) refers to stm32f10x_adc.o(.text.ADC_RegularChannelConfig) for ADC_RegularChannelConfig
    ADC.o(.text.ADC_Initilize) refers to stm32f10x_adc.o(.text.ADC_Init) for ADC_Init
    ADC.o(.text.ADC_Initilize) refers to stm32f10x_adc.o(.text.ADC_Cmd) for ADC_Cmd
    ADC.o(.text.ADC_Initilize) refers to stm32f10x_adc.o(.text.ADC_ResetCalibration) for ADC_ResetCalibration
    ADC.o(.text.ADC_Initilize) refers to stm32f10x_adc.o(.text.ADC_GetResetCalibrationStatus) for ADC_GetResetCalibrationStatus
    ADC.o(.text.ADC_Initilize) refers to stm32f10x_adc.o(.text.ADC_StartCalibration) for ADC_StartCalibration
    ADC.o(.text.ADC_Initilize) refers to stm32f10x_adc.o(.text.ADC_GetCalibrationStatus) for ADC_GetCalibrationStatus
    ADC.o(.text.ADC_Initilize) refers to stm32f10x_adc.o(.text.ADC_SoftwareStartConvCmd) for ADC_SoftwareStartConvCmd
    ADC.o(.ARM.exidx.text.ADC_Initilize) refers to ADC.o(.text.ADC_Initilize) for [Anonymous Symbol]
    DMA.o(.text.DMA_Initilize) refers to stm32f10x_rcc.o(.text.RCC_AHBPeriphClockCmd) for RCC_AHBPeriphClockCmd
    DMA.o(.text.DMA_Initilize) refers to DMA.o(.bss.AD_Value) for AD_Value
    DMA.o(.text.DMA_Initilize) refers to stm32f10x_dma.o(.text.DMA_Init) for DMA_Init
    DMA.o(.text.DMA_Initilize) refers to stm32f10x_dma.o(.text.DMA_Cmd) for DMA_Cmd
    DMA.o(.text.DMA_Initilize) refers to stm32f10x_adc.o(.text.ADC_DMACmd) for ADC_DMACmd
    DMA.o(.ARM.exidx.text.DMA_Initilize) refers to DMA.o(.text.DMA_Initilize) for [Anonymous Symbol]
    IIC.o(.text.IIC_Initilize) refers to stm32f10x_rcc.o(.text.RCC_APB2PeriphClockCmd) for RCC_APB2PeriphClockCmd
    IIC.o(.text.IIC_Initilize) refers to stm32f10x_gpio.o(.text.GPIO_Init) for GPIO_Init
    IIC.o(.text.IIC_Initilize) refers to stm32f10x_gpio.o(.text.GPIO_SetBits) for GPIO_SetBits
    IIC.o(.ARM.exidx.text.IIC_Initilize) refers to IIC.o(.text.IIC_Initilize) for [Anonymous Symbol]
    IIC.o(.text.IIC_W_SCL) refers to stm32f10x_gpio.o(.text.GPIO_WriteBit) for GPIO_WriteBit
    IIC.o(.text.IIC_W_SCL) refers to Delay.o(.text.Delay_us) for Delay_us
    IIC.o(.ARM.exidx.text.IIC_W_SCL) refers to IIC.o(.text.IIC_W_SCL) for [Anonymous Symbol]
[...]
    Removing W25Q64.o(.text.W25Q64_ReadData), (90 bytes).
    Removing W25Q64.o(.ARM.exidx.text.W25Q64_ReadData), (8 bytes).
    Removing core_cm3.o(.text), (0 bytes).
    Removing core_cm3.o(.text.__get_BASEPRI), (18 bytes).
    Removing core_cm3.o(.ARM.exidx.text.__get_BASEPRI), (8 bytes).
    Removing core_cm3.o(.text.__set_BASEPRI), (14 bytes).
    Removing core_cm3.o(.ARM.exidx.text.__set_BASEPRI), (8 bytes).
    Removing core_cm3.o(.text.__get_PRIMASK), (18 bytes).
    Removing core_cm3.o(.ARM.exidx.text.__get_PRIMASK), (8 bytes).
    Removing core_cm3.o(.text.__set_PRIMASK), (14 bytes).
    Removing core_cm3.o(.ARM.exidx.text.__set_PRIMASK), (8 bytes).
    Removing core_cm3.o(.text.__get_FAULTMASK), (18 bytes).
    Removing core_cm3.o(.ARM.exidx.text.__get_FAULTMASK), (8 bytes).
    Removing core_cm3.o(.text.__set_FAULTMASK), (14 bytes).
    Removing core_cm3.o(.ARM.exidx.text.__set_FAULTMASK), (8 bytes).
    Removing core_cm3.o(.text.__get_CONTROL), (18 bytes).
    Removing core_cm3.o(.ARM.exidx.text.__get_CONTROL), (8 bytes).
    Removing core_cm3.o(.text.__set_CONTROL), (14 bytes).
    Removing core_cm3.o(.ARM.exidx.text.__set_CONTROL), (8 bytes).
    Removing core_cm3.o(.text.__REV), (20 bytes).
    Removing core_cm3.o(.ARM.exidx.text.__REV), (8 bytes).
    Removing core_cm3.o(.text.__REV16), (24 bytes).
    Removing core_cm3.o(.ARM.exidx.text.__REV16), (8 bytes).
    Removing core_cm3.o(.text.__REVSH), (24 bytes).
    Removing core_cm3.o(.ARM.exidx.text.__REVSH), (8 bytes).
    Removing core_cm3.o(.text.__RBIT), (22 bytes).
    Removing core_cm3.o(.ARM.exidx.text.__RBIT), (8 bytes).
    Removing core_cm3.o(.text.__LDREXB), (28 bytes).
    Removing core_cm3.o(.ARM.exidx.text.__LDREXB), (8 bytes).
    Removing core_cm3.o(.text.__LDREXH), (28 bytes).
    Removing core_cm3.o(.ARM.exidx.text.__LDREXH), (8 bytes).
    Removing core_cm3.o(.text.__LDREXW), (22 bytes).
    Removing core_cm3.o(.ARM.exidx.text.__LDREXW), (8 bytes).
    Removing core_cm3.o(.text.__STREXB), (30 bytes).
    Removing core_cm3.o(.ARM.exidx.text.__STREXB), (8 bytes).
    Removing core_cm3.o(.text.__STREXH), (30 bytes).
    Removing core_cm3.o(.ARM.exidx.text.__STREXH), (8 bytes).
    Removing core_cm3.o(.text.__STREXW), (26 bytes).
    Removing core_cm3.o(.ARM.exidx.text.__STREXW), (8 bytes).
    Removing system_stm32f10x.o(.text), (0 bytes).
    Removing system_stm32f10x.o(.ARM.exidx.text.SystemInit), (8 bytes).
    Removing system_stm32f10x.o(.ARM.exidx.text.SetSysClock), (8 bytes).
    Removing system_stm32f10x.o(.text.SystemCoreClockUpdate), (290 bytes).
    Removing system_stm32f10x.o(.ARM.exidx.text.SystemCoreClockUpdate), (8 bytes).
    Removing system_stm32f10x.o(.ARM.exidx.text.SetSysClockTo72), (8 bytes).
    Removing system_stm32f10x.o(.data.SystemCoreClock), (4 bytes).
    Removing system_stm32f10x.o(.rodata.AHBPrescTable), (16 bytes).
    Removing Delay.o(.text), (0 bytes).
    Removing Delay.o(.ARM.exidx.text.Delay_us), (8 bytes).
    Removing Delay.o(.ARM.exidx.text.Delay_ms), (8 bytes).
    Removing Delay.o(.text.Delay_s), (32 bytes).
    Removing Delay.o(.ARM.exidx.text.Delay_s), (8 bytes).
    Removing sys.o(.text), (0 bytes).
    Removing sys.o(.text.MY_NVIC_SetVectorTable), (36 bytes).
    Removing sys.o(.ARM.exidx.text.MY_NVIC_SetVectorTable), (8 bytes).
    Removing sys.o(.text.MY_NVIC_PriorityGroupConfig), (72 bytes).
    Removing sys.o(.ARM.exidx.text.MY_NVIC_PriorityGroupConfig), (8 bytes).
    Removing sys.o(.text.MY_NVIC_Init), (204 bytes).
    Removing sys.o(.ARM.exidx.text.MY_NVIC_Init), (8 bytes).
    Removing sys.o(.text.Ex_NVIC_Config), (212 bytes).
    Removing sys.o(.ARM.exidx.text.Ex_NVIC_Config), (8 bytes).
    Removing sys.o(.text.MYRCC_DeInit), (148 bytes).
    Removing sys.o(.ARM.exidx.text.MYRCC_DeInit), (8 bytes).
    Removing sys.o(.text.Sys_Standby), (74 bytes).
    Removing sys.o(.ARM.exidx.text.Sys_Standby), (8 bytes).
    Removing sys.o(.text.Sys_Soft_Reset), (18 bytes).
    Removing sys.o(.ARM.exidx.text.Sys_Soft_Reset), (8 bytes).
    Removing sys.o(.text.JTAG_Set), (60 bytes).
    Removing sys.o(.ARM.exidx.text.JTAG_Set), (8 bytes).
    Removing sys.o(.text.Stm32_Clock_Init), (220 bytes).
    Removing sys.o(.ARM.exidx.text.Stm32_Clock_Init), (8 bytes).
    Removing main.o(.text), (0 bytes).
    Removing main.o(.ARM.exidx.text.main), (8 bytes).
    Removing main.o(.ARM.use_no_argv), (4 bytes).
    Removing stm32f10x_it.o(.text), (0 bytes).
    Removing stm32f10x_it.o(.ARM.exidx.text.NMI_Handler), (8 bytes).
    Removing stm32f10x_it.o(.ARM.exidx.text.HardFault_Handler), (8 bytes).
    Removing stm32f10x_it.o(.ARM.exidx.text.MemManage_Handler), (8 bytes).
    Removing stm32f10x_it.o(.ARM.exidx.text.BusFault_Handler), (8 bytes).
    Removing stm32f10x_it.o(.ARM.exidx.text.UsageFault_Handler), (8 bytes).
    Removing stm32f10x_it.o(.ARM.exidx.text.DebugMon_Handler), (8 bytes).

1546 unused section(s) (total 93038 bytes) removed from the image.

==============================================================================

Image Symbol Table

    Local Symbols

    Symbol Name                              Value     Ov Type        Size  Object(Section)

    ../clib/angel/boardlib.s                 0x00000000   Number         0  boardinit1.o ABSOLUTE
    ../clib/angel/boardlib.s                 0x00000000   Number         0  boardinit2.o ABSOLUTE
    ../clib/angel/boardlib.s                 0x00000000   Number         0  boardinit3.o ABSOLUTE
    ../clib/angel/boardlib.s                 0x00000000   Number         0  boardshut.o ABSOLUTE
    ../clib/angel/handlers.s                 0x00000000   Number         0  __scatter_copy.o ABSOLUTE
    ../clib/angel/handlers.s                 0x00000000   Number         0  __scatter_zi.o ABSOLUTE
    ../clib/angel/kernel.s                   0x00000000   Number         0  __rtentry.o ABSOLUTE
    ../clib/angel/kernel.s                   0x00000000   Number         0  __rtentry2.o ABSOLUTE
    ../clib/angel/kernel.s                   0x00000000   Number         0  __rtentry4.o ABSOLUTE
    ../clib/angel/kernel.s                   0x00000000   Number         0  rtexit.o ABSOLUTE
    ../clib/angel/kernel.s                   0x00000000   Number         0  rtexit2.o ABSOLUTE
    ../clib/angel/rt.s                       0x00000000   Number         0  rt_ctype_table.o ABSOLUTE
    ../clib/angel/rt.s                       0x00000000   Number         0  rt_locale.o ABSOLUTE
    ../clib/angel/rt.s                       0x00000000   Number         0  rt_locale_intlibspace.o ABSOLUTE
    ../clib/angel/rt.s                       0x00000000   Number         0  rt_raise.o ABSOLUTE
    ../clib/angel/scatter.s                  0x00000000   Number         0  __scatter.o ABSOLUTE
    ../clib/angel/startup.s                  0x00000000   Number         0  __main.o ABSOLUTE
    ../clib/angel/sys.s                      0x00000000   Number         0  sys_stackheap_outer.o ABSOLUTE
    ../clib/angel/sys.s                      0x00000000   Number         0  libspace.o ABSOLUTE
    ../clib/angel/sys.s                      0x00000000   Number         0  use_no_semi.o ABSOLUTE
    ../clib/angel/sys.s                      0x00000000   Number         0  indicate_semi.o ABSOLUTE
    ../clib/angel/sysapp.c                   0x00000000   Number         0  sys_exit.o ABSOLUTE
    ../clib/angel/sysapp.c                   0x00000000   Number         0  sys_exit_hlt.o ABSOLUTE
    ../clib/angel/sysapp.c                   0x00000000   Number         0  sys_command.o ABSOLUTE
    ../clib/angel/sysapp.c                   0x00000000   Number         0  sys_command_hlt.o ABSOLUTE
    ../clib/angel/sysapp.c                   0x00000000   Number         0  sys_wrch.o ABSOLUTE
    ../clib/angel/sysapp.c                   0x00000000   Number         0  sys_wrch_hlt.o ABSOLUTE
    ../clib/armsys.c                         0x00000000   Number         0  argv_veneer.o ABSOLUTE
    ../clib/armsys.c                         0x00000000   Number         0  argv_veneer.o ABSOLUTE
    ../clib/armsys.c                         0x00000000   Number         0  _get_argv_nomalloc.o ABSOLUTE
    ../clib/armsys.c                         0x00000000   Number         0  no_argv.o ABSOLUTE
    ../clib/bigflt.c                         0x00000000   Number         0  bigflt0.o ABSOLUTE
    ../clib/btod.s                           0x00000000   Number         0  btod.o ABSOLUTE
    ../clib/btod_accurate.c                  0x00000000   Number         0  btod_accurate.o ABSOLUTE
    ../clib/btod_accurate.c                  0x00000000   Number         0  btod_accurate_common.o ABSOLUTE
    ../clib/heapalloc.c                      0x00000000   Number         0  hrguard.o ABSOLUTE
    ../clib/heapaux.c                        0x00000000   Number         0  heapauxi.o ABSOLUTE
    ../clib/libinit.s                        0x00000000   Number         0  libinit.o ABSOLUTE
    ../clib/libinit.s                        0x00000000   Number         0  libinit2.o ABSOLUTE
    ../clib/libinit.s                        0x00000000   Number         0  libshutdown.o ABSOLUTE
    ../clib/libinit.s                        0x00000000   Number         0  libshutdown2.o ABSOLUTE
    ../clib/locale.c                         0x00000000   Number         0  _c16rtomb.o ABSOLUTE
    ../clib/locale.s                         0x00000000   Number         0  lc_numeric_c.o ABSOLUTE
    ../clib/locale.s                         0x00000000   Number         0  lc_ctype_c.o ABSOLUTE
    ../clib/longlong.s                       0x00000000   Number         0  lludiv10.o ABSOLUTE
    ../clib/longlong.s                       0x00000000   Number         0  llushr.o ABSOLUTE
    ../clib/memcpset.s                       0x00000000   Number         0  rt_memcpy_v6.o ABSOLUTE
    ../clib/memcpset.s                       0x00000000   Number         0  rt_memclr.o ABSOLUTE
    ../clib/memcpset.s                       0x00000000   Number         0  rt_memcpy_w.o ABSOLUTE
    ../clib/memcpset.s                       0x00000000   Number         0  rt_memclr_w.o ABSOLUTE
    ../clib/memcpset.s                       0x00000000   Number         0  strcmpv7m.o ABSOLUTE
    ../clib/misc.s                           0x00000000   Number         0  printf_stubs.o ABSOLUTE
    ../clib/printf.c                         0x00000000   Number         0  vsprintf.o ABSOLUTE
    ../clib/printf.c                         0x00000000   Number         0  __printf.o ABSOLUTE
    ../clib/printf.c                         0x00000000   Number         0  _printf_pad.o ABSOLUTE
    ../clib/printf.c                         0x00000000   Number         0  _printf_truncate.o ABSOLUTE
    ../clib/printf.c                         0x00000000   Number         0  _printf_str.o ABSOLUTE
    ../clib/printf.c                         0x00000000   Number         0  _printf_dec.o ABSOLUTE
    ../clib/printf.c                         0x00000000   Number         0  _printf_charcount.o ABSOLUTE
    ../clib/printf.c                         0x00000000   Number         0  _printf_char_common.o ABSOLUTE
    ../clib/printf.c                         0x00000000   Number         0  _sputc.o ABSOLUTE
    ../clib/printf.c                         0x00000000   Number         0  _printf_wctomb.o ABSOLUTE
    ../clib/printf.c                         0x00000000   Number         0  _printf_longlong_dec.o ABSOLUTE
    ../clib/printf.c                         0x00000000   Number         0  _printf_oct_ll.o ABSOLUTE
    ../clib/printf.c                         0x00000000   Number         0  _printf_oct_int.o ABSOLUTE
    ../clib/printf.c                         0x00000000   Number         0  _printf_oct_int_ll.o ABSOLUTE
    ../clib/printf.c                         0x00000000   Number         0  _printf_hex_ll.o ABSOLUTE
    ../clib/printf.c                         0x00000000   Number         0  _printf_hex_int.o ABSOLUTE
    ../clib/printf.c                         0x00000000   Number         0  _printf_hex_int_ll.o ABSOLUTE
    ../clib/printf.c                         0x00000000   Number         0  _printf_hex_ptr.o ABSOLUTE
    ../clib/printf.c                         0x00000000   Number         0  _printf_hex_int_ptr.o ABSOLUTE
    ../clib/printf.c                         0x00000000   Number         0  _printf_hex_ll_ptr.o ABSOLUTE
    ../clib/printf.c                         0x00000000   Number         0  _printf_hex_int_ll_ptr.o ABSOLUTE
    ../clib/printf.c                         0x00000000   Number         0  __printf_flags.o ABSOLUTE
    ../clib/printf.c                         0x00000000   Number         0  __printf_ss.o ABSOLUTE
    ../clib/printf.c                         0x00000000   Number         0  __printf_flags_ss.o ABSOLUTE
    ../clib/printf.c                         0x00000000   Number         0  __printf_wp.o ABSOLUTE
    ../clib/printf.c                         0x00000000   Number         0  __printf_flags_wp.o ABSOLUTE
    ../clib/printf.c                         0x00000000   Number         0  __printf_ss_wp.o ABSOLUTE
    ../clib/printf.c                         0x00000000   Number         0  __printf_flags_ss_wp.o ABSOLUTE
    ../clib/printf.c                         0x00000000   Number         0  _printf_intcommon.o ABSOLUTE
    ../clib/printf.c                         0x00000000   Number         0  _printf_fp_dec.o ABSOLUTE
    ../clib/printf.c                         0x00000000   Number         0  _printf_fp_dec_accurate.o ABSOLUTE
    ../clib/printf.c                         0x00000000   Number         0  _printf_fp_hex.o ABSOLUTE
    ../clib/printf.c                         0x00000000   Number         0  __printf_nopercent.o ABSOLUTE
    ../clib/printf.c                         0x00000000   Number         0  _printf_char.o ABSOLUTE
    ../clib/printf.c                         0x00000000   Number         0  _printf_wchar.o ABSOLUTE
    ../clib/printf.c                         0x00000000   Number         0  _printf_fp_infnan.o ABSOLUTE
    ../clib/printf_percent.s                 0x00000000   Number         0  _printf_c.o ABSOLUTE
    ../clib/printf_percent.s                 0x00000000   Number         0  _printf_s.o ABSOLUTE
    ../clib/printf_percent.s                 0x00000000   Number         0  _printf_n.o ABSOLUTE
    ../clib/printf_percent.s                 0x00000000   Number         0  _printf_x.o ABSOLUTE
    ../clib/printf_percent.s                 0x00000000   Number         0  _printf_p.o ABSOLUTE
    ../clib/printf_percent.s                 0x00000000   Number         0  _printf_o.o ABSOLUTE
    ../clib/printf_percent.s                 0x00000000   Number         0  _printf_i.o ABSOLUTE
    ../clib/printf_percent.s                 0x00000000   Number         0  _printf_d.o ABSOLUTE
    ../clib/printf_percent.s                 0x00000000   Number         0  _printf_u.o ABSOLUTE
    ../clib/printf_percent.s                 0x00000000   Number         0  _printf_f.o ABSOLUTE
    ../clib/printf_percent.s                 0x00000000   Number         0  _printf_e.o ABSOLUTE
    ../clib/printf_percent.s                 0x00000000   Number         0  _printf_g.o ABSOLUTE
    ../clib/printf_percent.s                 0x00000000   Number         0  _printf_a.o ABSOLUTE
    ../clib/printf_percent.s                 0x00000000   Number         0  _printf_percent.o ABSOLUTE
    ../clib/printf_percent.s                 0x00000000   Number         0  _printf_lli.o ABSOLUTE
    ../clib/printf_percent.s                 0x00000000   Number         0  _printf_lld.o ABSOLUTE
    ../clib/printf_percent.s                 0x00000000   Number         0  _printf_llu.o ABSOLUTE
    ../clib/printf_percent.s                 0x00000000   Number         0  _printf_ll.o ABSOLUTE
    ../clib/printf_percent.s                 0x00000000   Number         0  _printf_l.o ABSOLUTE
    ../clib/printf_percent.s                 0x00000000   Number         0  _printf_lc.o ABSOLUTE
    ../clib/printf_percent.s                 0x00000000   Number         0  _printf_ls.o ABSOLUTE
    ../clib/printf_percent.s                 0x00000000   Number         0  _printf_llo.o ABSOLUTE
    ../clib/printf_percent.s                 0x00000000   Number         0  _printf_llx.o ABSOLUTE
    ../clib/printf_percent.s                 0x00000000   Number         0  _printf_percent_end.o ABSOLUTE
    ../clib/signal.c                         0x00000000   Number         0  defsig_rtmem_outer.o ABSOLUTE
    ../clib/signal.c                         0x00000000   Number         0  defsig_rtmem_formal.o ABSOLUTE
    ../clib/signal.c                         0x00000000   Number         0  defsig_exit.o ABSOLUTE
    ../clib/signal.c                         0x00000000   Number         0  defsig_rtmem_inner.o ABSOLUTE
    ../clib/signal.c                         0x00000000   Number         0  __raise.o ABSOLUTE
    ../clib/signal.c                         0x00000000   Number         0  defsig_general.o ABSOLUTE
    ../clib/signal.c                         0x00000000   Number         0  defsig_abrt_inner.o ABSOLUTE
    ../clib/signal.c                         0x00000000   Number         0  defsig_fpe_inner.o ABSOLUTE
    ../clib/signal.c                         0x00000000   Number         0  defsig_rtred_inner.o ABSOLUTE
    ../clib/signal.c                         0x00000000   Number         0  defsig_stak_inner.o ABSOLUTE
    ../clib/signal.c                         0x00000000   Number         0  defsig_pvfn_inner.o ABSOLUTE
    ../clib/signal.c                         0x00000000   Number         0  defsig_cppl_inner.o ABSOLUTE
    ../clib/signal.c                         0x00000000   Number         0  defsig_segv_inner.o ABSOLUTE
    ../clib/signal.c                         0x00000000   Number         0  defsig_other.o ABSOLUTE
    ../clib/signal.s                         0x00000000   Number         0  defsig.o ABSOLUTE
    ../clib/stdlib.c                         0x00000000   Number         0  exit.o ABSOLUTE
    ../clib/string.c                         0x00000000   Number         0  strlen.o ABSOLUTE
    ../fplib/faddsub.s                       0x00000000   Number         0  faddsub_clz.o ABSOLUTE
    ../fplib/fdiv.s                          0x00000000   Number         0  fdiv.o ABSOLUTE
    ../fplib/ffix.s                          0x00000000   Number         0  ffix.o ABSOLUTE
    ../fplib/fmul.s                          0x00000000   Number         0  fmul.o ABSOLUTE
    ../fplib/fnaninf.s                       0x00000000   Number         0  fnaninf.o ABSOLUTE
    ../fplib/fpinit.s                        0x00000000   Number         0  fpinit.o ABSOLUTE
    ../fplib/fpinit_empty.s                  0x00000000   Number         0  fpinit_empty.o ABSOLUTE
    ../fplib/fretinf.s                       0x00000000   Number         0  fretinf.o ABSOLUTE
    ../fplib/istatus.s                       0x00000000   Number         0  istatus.o ABSOLUTE
    ../fplib/printf1.s                       0x00000000   Number         0  printf1.o ABSOLUTE
    ../fplib/printf2.s                       0x00000000   Number         0  printf2.o ABSOLUTE
    ../fplib/printf2a.s                      0x00000000   Number         0  printf2a.o ABSOLUTE
    ../fplib/printf2b.s                      0x00000000   Number         0  printf2b.o ABSOLUTE
    ../fplib/usenofp.s                       0x00000000   Number         0  usenofp.o ABSOLUTE
    ../mathlib/fpclassify.c                  0x00000000   Number         0  fpclassify.o ABSOLUTE
    0.96_OLED_IIC.c                          0x00000000   Number         0  0.96_OLED_IIC.o ABSOLUTE
    2.4TFT.c                                 0x00000000   Number         0  2.4TFT.o ABSOLUTE
    ADC.c                                    0x00000000   Number         0  ADC.o ABSOLUTE
    D:/OneDrive - email.szu.edu.cn/Codes/VS Code/Cyclocomputer/Start/startup_stm32f10x_md.s 0x00000000   Number         0  startup_stm32f10x_md.o ABSOLUTE
    DC_Motor.c                               0x00000000   Number         0  DC_Motor.o ABSOLUTE
    DMA.c                                    0x00000000   Number         0  DMA.o ABSOLUTE
    Delay.c                                  0x00000000   Number         0  Delay.o ABSOLUTE
    IIC.c                                    0x00000000   Number         0  IIC.o ABSOLUTE
    Input_Capture.c                          0x00000000   Number         0  Input_Capture.o ABSOLUTE
    Key.c                                    0x00000000   Number         0  Key.o ABSOLUTE
    MPU6050.c                                0x00000000   Number         0  MPU6050.o ABSOLUTE
    PWM.c                                    0x00000000   Number         0  PWM.o ABSOLUTE
    Rotary_Encoder.c                         0x00000000   Number         0  Rotary_Encoder.o ABSOLUTE
    SPI.c                                    0x00000000   Number         0  SPI.o ABSOLUTE
    Serial.c                                 0x00000000   Number         0  Serial.o ABSOLUTE
    Servo_Motor.c                            0x00000000   Number         0  Servo_Motor.o ABSOLUTE
    Through_Beam_Sensor.c                    0x00000000   Number         0  Through_Beam_Sensor.o ABSOLUTE
    Timer.c                                  0x00000000   Number         0  Timer.o ABSOLUTE
    Timer_External_Clock.c                   0x00000000   Number         0  Timer_External_Clock.o ABSOLUTE
    W25Q64.c                                 0x00000000   Number         0  W25Q64.o ABSOLUTE
    core_cm3.c                               0x00000000   Number         0  core_cm3.o ABSOLUTE
    croutine.c                               0x00000000   Number         0  croutine.o ABSOLUTE
    dc.s                                     0x00000000   Number         0  dc.o ABSOLUTE
    event_groups.c                           0x00000000   Number         0  event_groups.o ABSOLUTE
    heap_4.c                                 0x00000000   Number         0  heap_4.o ABSOLUTE
    list.c                                   0x00000000   Number         0  list.o ABSOLUTE
    main.c                                   0x00000000   Number         0  main.o ABSOLUTE
    misc.c                                   0x00000000   Number         0  misc.o ABSOLUTE
    port.c                                   0x00000000   Number         0  port.o ABSOLUTE
    queue.c                                  0x00000000   Number         0  queue.o ABSOLUTE
    stm32f10x_adc.c                          0x00000000   Number         0  stm32f10x_adc.o ABSOLUTE
    stm32f10x_bkp.c                          0x00000000   Number         0  stm32f10x_bkp.o ABSOLUTE
    stm32f10x_can.c                          0x00000000   Number         0  stm32f10x_can.o ABSOLUTE
    stm32f10x_cec.c                          0x00000000   Number         0  stm32f10x_cec.o ABSOLUTE
    stm32f10x_crc.c                          0x00000000   Number         0  stm32f10x_crc.o ABSOLUTE
    stm32f10x_dac.c                          0x00000000   Number         0  stm32f10x_dac.o ABSOLUTE
    stm32f10x_dbgmcu.c                       0x00000000   Number         0  stm32f10x_dbgmcu.o ABSOLUTE
    stm32f10x_dma.c                          0x00000000   Number         0  stm32f10x_dma.o ABSOLUTE
    stm32f10x_exti.c                         0x00000000   Number         0  stm32f10x_exti.o ABSOLUTE
    stm32f10x_flash.c                        0x00000000   Number         0  stm32f10x_flash.o ABSOLUTE
    stm32f10x_fsmc.c                         0x00000000   Number         0  stm32f10x_fsmc.o ABSOLUTE
    stm32f10x_gpio.c                         0x00000000   Number         0  stm32f10x_gpio.o ABSOLUTE
    stm32f10x_i2c.c                          0x00000000   Number         0  stm32f10x_i2c.o ABSOLUTE
    stm32f10x_it.c                           0x00000000   Number         0  stm32f10x_it.o ABSOLUTE
    stm32f10x_iwdg.c                         0x00000000   Number         0  stm32f10x_iwdg.o ABSOLUTE
    stm32f10x_pwr.c                          0x00000000   Number         0  stm32f10x_pwr.o ABSOLUTE
    stm32f10x_rcc.c                          0x00000000   Number         0  stm32f10x_rcc.o ABSOLUTE
    stm32f10x_rtc.c                          0x00000000   Number         0  stm32f10x_rtc.o ABSOLUTE
    stm32f10x_sdio.c                         0x00000000   Number         0  stm32f10x_sdio.o ABSOLUTE
    stm32f10x_spi.c                          0x00000000   Number         0  stm32f10x_spi.o ABSOLUTE
    stm32f10x_tim.c                          0x00000000   Number         0  stm32f10x_tim.o ABSOLUTE
    stm32f10x_usart.c                        0x00000000   Number         0  stm32f10x_usart.o ABSOLUTE
    stm32f10x_wwdg.c                         0x00000000   Number         0  stm32f10x_wwdg.o ABSOLUTE
    stream_buffer.c                          0x00000000   Number         0  stream_buffer.o ABSOLUTE
    sys.c                                    0x00000000   Number         0  sys.o ABSOLUTE
    system_stm32f10x.c                       0x00000000   Number         0  system_stm32f10x.o ABSOLUTE
    tasks.c                                  0x00000000   Number         0  tasks.o ABSOLUTE
    test.c                                   0x00000000   Number         0  test.o ABSOLUTE
    timers.c                                 0x00000000   Number         0  timers.o ABSOLUTE
    RESET                                    0x08000000   Section      236  startup_stm32f10x_md.o(RESET)
    !!!main                                  0x080000ec   Section        8  __main.o(!!!main)
    !!!scatter                               0x080000f4   Section       52  __scatter.o(!!!scatter)
    !!handler_copy                           0x08000128   Section       26  __scatter_copy.o(!!handler_copy)
    !!handler_zi                             0x08000144   Section       28  __scatter_zi.o(!!handler_zi)
    .ARM.Collect$$libinit$$00000000          0x08000160   Section        2  libinit.o(.ARM.Collect$$libinit$$00000000)
    .ARM.Collect$$libinit$$00000002          0x08000162   Section        0  libinit2.o(.ARM.Collect$$libinit$$00000002)
    .ARM.Collect$$libinit$$00000004          0x08000162   Section        0  libinit2.o(.ARM.Collect$$libinit$$00000004)
    .ARM.Collect$$libinit$$00000006          0x08000162   Section        0  libinit2.o(.ARM.Collect$$libinit$$00000006)
    .ARM.Collect$$libinit$$0000000C          0x08000162   Section        0  libinit2.o(.ARM.Collect$$libinit$$0000000C)
    .ARM.Collect$$libinit$$0000000E          0x08000162   Section        0  libinit2.o(.ARM.Collect$$libinit$$0000000E)
    .ARM.Collect$$libinit$$00000010          0x08000162   Section        0  libinit2.o(.ARM.Collect$$libinit$$00000010)
    .ARM.Collect$$libinit$$00000013          0x08000162   Section        0  libinit2.o(.ARM.Collect$$libinit$$00000013)
    .ARM.Collect$$libinit$$00000015          0x08000162   Section        0  libinit2.o(.ARM.Collect$$libinit$$00000015)
    .ARM.Collect$$libinit$$00000017          0x08000162   Section        0  libinit2.o(.ARM.Collect$$libinit$$00000017)
    .ARM.Collect$$libinit$$00000019          0x08000162   Section        0  libinit2.o(.ARM.Collect$$libinit$$00000019)
    .ARM.Collect$$libinit$$0000001B          0x08000162   Section        0  libinit2.o(.ARM.Collect$$libinit$$0000001B)
    .ARM.Collect$$libinit$$0000001D          0x08000162   Section        0  libinit2.o(.ARM.Collect$$libinit$$0000001D)
    .ARM.Collect$$libinit$$0000001F          0x08000162   Section        0  libinit2.o(.ARM.Collect$$libinit$$0000001F)
    .ARM.Collect$$libinit$$00000021          0x08000162   Section        0  libinit2.o(.ARM.Collect$$libinit$$00000021)
    .ARM.Collect$$libinit$$00000023          0x08000162   Section        0  libinit2.o(.ARM.Collect$$libinit$$00000023)
    .ARM.Collect$$libinit$$00000025          0x08000162   Section        0  libinit2.o(.ARM.Collect$$libinit$$00000025)
    .ARM.Collect$$libinit$$00000027          0x08000162   Section        0  libinit2.o(.ARM.Collect$$libinit$$00000027)
    .ARM.Collect$$libinit$$0000002E          0x08000162   Section        0  libinit2.o(.ARM.Collect$$libinit$$0000002E)
    .ARM.Collect$$libinit$$00000030          0x08000162   Section        0  libinit2.o(.ARM.Collect$$libinit$$00000030)
    .ARM.Collect$$libinit$$00000032          0x08000162   Section        0  libinit2.o(.ARM.Collect$$libinit$$00000032)
    .ARM.Collect$$libinit$$00000034          0x08000162   Section        0  libinit2.o(.ARM.Collect$$libinit$$00000034)
    .ARM.Collect$$libinit$$00000035          0x08000162   Section        2  libinit2.o(.ARM.Collect$$libinit$$00000035)
    .ARM.Collect$$libshutdown$$00000000      0x08000164   Section        2  libshutdown.o(.ARM.Collect$$libshutdown$$00000000)
    .ARM.Collect$$libshutdown$$00000002      0x08000166   Section        0  libshutdown2.o(.ARM.Collect$$libshutdown$$00000002)
    .ARM.Collect$$libshutdown$$00000004      0x08000166   Section        0  libshutdown2.o(.ARM.Collect$$libshutdown$$00000004)
    .ARM.Collect$$libshutdown$$00000007      0x08000166   Section        0  libshutdown2.o(.ARM.Collect$$libshutdown$$00000007)
    .ARM.Collect$$libshutdown$$0000000A      0x08000166   Section        0  libshutdown2.o(.ARM.Collect$$libshutdown$$0000000A)
    .ARM.Collect$$libshutdown$$0000000C      0x08000166   Section        0  libshutdown2.o(.ARM.Collect$$libshutdown$$0000000C)
    .ARM.Collect$$libshutdown$$0000000F      0x08000166   Section        0  libshutdown2.o(.ARM.Collect$$libshutdown$$0000000F)
    .ARM.Collect$$libshutdown$$00000010      0x08000166   Section        2  libshutdown2.o(.ARM.Collect$$libshutdown$$00000010)
    .ARM.Collect$$rtentry$$00000000          0x08000168   Section        0  __rtentry.o(.ARM.Collect$$rtentry$$00000000)
    .ARM.Collect$$rtentry$$00000002          0x08000168   Section        0  __rtentry2.o(.ARM.Collect$$rtentry$$00000002)
    .ARM.Collect$$rtentry$$00000004          0x08000168   Section        6  __rtentry4.o(.ARM.Collect$$rtentry$$00000004)
    .ARM.Collect$$rtentry$$00000009          0x0800016e   Section        0  __rtentry2.o(.ARM.Collect$$rtentry$$00000009)
    .ARM.Collect$$rtentry$$0000000A          0x0800016e   Section        4  __rtentry2.o(.ARM.Collect$$rtentry$$0000000A)
    .ARM.Collect$$rtentry$$0000000C          0x08000172   Section        0  __rtentry2.o(.ARM.Collect$$rtentry$$0000000C)
    .ARM.Collect$$rtentry$$0000000D          0x08000172   Section        8  __rtentry2.o(.ARM.Collect$$rtentry$$0000000D)
    .ARM.Collect$$rtexit$$00000000           0x0800017a   Section        2  rtexit.o(.ARM.Collect$$rtexit$$00000000)
    .ARM.Collect$$rtexit$$00000002           0x0800017c   Section        0  rtexit2.o(.ARM.Collect$$rtexit$$00000002)
    .ARM.Collect$$rtexit$$00000003           0x0800017c   Section        4  rtexit2.o(.ARM.Collect$$rtexit$$00000003)
    .ARM.Collect$$rtexit$$00000004           0x08000180   Section        6  rtexit2.o(.ARM.Collect$$rtexit$$00000004)
    .text                                    0x08000188   Section       64  startup_stm32f10x_md.o(.text)
    .text                                    0x080001c8   Section        0  heapauxi.o(.text)
    .text                                    0x080001ce   Section       74  sys_stackheap_outer.o(.text)
    .text                                    0x08000218   Section        0  exit.o(.text)
    .text                                    0x0800022c   Section        8  libspace.o(.text)
    .text                                    0x08000234   Section        0  sys_exit.o(.text)
    .text                                    0x08000240   Section        2  use_no_semi.o(.text)
    .text                                    0x08000242   Section        0  indicate_semi.o(.text)
    [Anonymous Symbol]                       0x08000244   Section        0  stm32f10x_it.o(.text.BusFault_Handler)
    [Anonymous Symbol]                       0x08000248   Section        0  stm32f10x_it.o(.text.DebugMon_Handler)
    [Anonymous Symbol]                       0x0800024c   Section        0  Delay.o(.text.Delay_ms)
    [Anonymous Symbol]                       0x0800026c   Section        0  Delay.o(.text.Delay_us)
    [Anonymous Symbol]                       0x080002c0   Section        0  Rotary_Encoder.o(.text.EXTI0_IRQHandler)
    [Anonymous Symbol]                       0x0800031c   Section        0  Through_Beam_Sensor.o(.text.EXTI15_10_IRQHandler)
    [Anonymous Symbol]                       0x08000348   Section        0  Rotary_Encoder.o(.text.EXTI1_IRQHandler)
    [Anonymous Symbol]                       0x080003a4   Section        0  stm32f10x_exti.o(.text.EXTI_ClearITPendingBit)
    [Anonymous Symbol]                       0x080003b8   Section        0  stm32f10x_exti.o(.text.EXTI_GetITStatus)
    [Anonymous Symbol]                       0x08000404   Section        0  stm32f10x_gpio.o(.text.GPIO_Init)
    [Anonymous Symbol]                       0x0800058c   Section        0  stm32f10x_gpio.o(.text.GPIO_ReadInputDataBit)
    [Anonymous Symbol]                       0x080005c0   Section        0  stm32f10x_gpio.o(.text.GPIO_WriteBit)
    [Anonymous Symbol]                       0x080005ec   Section        0  stm32f10x_it.o(.text.HardFault_Handler)
    [Anonymous Symbol]                       0x080005f0   Section        0  stm32f10x_i2c.o(.text.I2C_AcknowledgeConfig)
    [Anonymous Symbol]                       0x0800061c   Section        0  stm32f10x_i2c.o(.text.I2C_CheckEvent)
    [Anonymous Symbol]                       0x08000670   Section        0  stm32f10x_i2c.o(.text.I2C_Cmd)
    [Anonymous Symbol]                       0x0800069c   Section        0  stm32f10x_i2c.o(.text.I2C_GenerateSTART)
    [Anonymous Symbol]                       0x080006c8   Section        0  stm32f10x_i2c.o(.text.I2C_GenerateSTOP)
    [Anonymous Symbol]                       0x080006f4   Section        0  stm32f10x_i2c.o(.text.I2C_Init)
    [Anonymous Symbol]                       0x080008a0   Section        0  stm32f10x_i2c.o(.text.I2C_ReceiveData)
    [Anonymous Symbol]                       0x080008b0   Section        0  stm32f10x_i2c.o(.text.I2C_Send7bitAddress)
    [Anonymous Symbol]                       0x080008ec   Section        0  stm32f10x_i2c.o(.text.I2C_SendData)
    [Anonymous Symbol]                       0x08000900   Section        0  stm32f10x_i2c.o(.text.I2C_StructInit)
    [Anonymous Symbol]                       0x08000930   Section        0  2.4TFT.o(.text.LCD_Clear)
    [Anonymous Symbol]                       0x080009d0   Section        0  2.4TFT.o(.text.LCD_DrawPoint)
    [Anonymous Symbol]                       0x080009fc   Section        0  2.4TFT.o(.text.LCD_GPIOInit)
    [Anonymous Symbol]                       0x08000a30   Section        0  2.4TFT.o(.text.LCD_Init)
    [Anonymous Symbol]                       0x08000ca8   Section        0  2.4TFT.o(.text.LCD_RESET)
    [Anonymous Symbol]                       0x08000cd8   Section        0  2.4TFT.o(.text.LCD_SetCursor)
    [Anonymous Symbol]                       0x08000cf8   Section        0  2.4TFT.o(.text.LCD_SetWindows)
    [Anonymous Symbol]                       0x08000d6c   Section        0  2.4TFT.o(.text.LCD_ShowChar)
    [Anonymous Symbol]                       0x08000f94   Section        0  2.4TFT.o(.text.LCD_ShowHexNumber)
    [Anonymous Symbol]                       0x08001138   Section        0  2.4TFT.o(.text.LCD_ShowNumber)
    [Anonymous Symbol]                       0x080012a0   Section        0  2.4TFT.o(.text.LCD_WR_DATA)
    [Anonymous Symbol]                       0x080012dc   Section        0  2.4TFT.o(.text.LCD_WR_REG)
    [Anonymous Symbol]                       0x08001314   Section        0  2.4TFT.o(.text.LCD_WriteRAM_Prepare)
    [Anonymous Symbol]                       0x08001328   Section        0  2.4TFT.o(.text.LCD_WriteReg)
    [Anonymous Symbol]                       0x08001348   Section        0  2.4TFT.o(.text.LCD_direction)
    [Anonymous Symbol]                       0x080013f0   Section        0  2.4TFT.o(.text.Lcd_WriteData_16Bit)
    [Anonymous Symbol]                       0x08001434   Section        0  MPU6050.o(.text.MPU6050_GetData)
    [Anonymous Symbol]                       0x08001524   Section        0  MPU6050.o(.text.MPU6050_Init)
    [Anonymous Symbol]                       0x080015e0   Section        0  MPU6050.o(.text.MPU6050_ReadID)
    [Anonymous Symbol]                       0x080015ec   Section        0  MPU6050.o(.text.MPU6050_ReadReg)
    [Anonymous Symbol]                       0x080016a4   Section        0  MPU6050.o(.text.MPU6050_WaitEvent)
    [Anonymous Symbol]                       0x080016d8   Section        0  MPU6050.o(.text.MPU6050_WriteReg)
    [Anonymous Symbol]                       0x08001750   Section        0  stm32f10x_it.o(.text.MemManage_Handler)
    [Anonymous Symbol]                       0x08001754   Section        0  stm32f10x_it.o(.text.NMI_Handler)
    [Anonymous Symbol]                       0x08001760   Section        0  port.o(.text.PendSV_Handler)
    pxCurrentTCBConst                        0x080017a0   Number         0  port.o(.text.PendSV_Handler)
    [Anonymous Symbol]                       0x080017a4   Section        0  stm32f10x_rcc.o(.text.RCC_APB1PeriphClockCmd)
    [Anonymous Symbol]                       0x080017dc   Section        0  stm32f10x_rcc.o(.text.RCC_APB2PeriphClockCmd)
    [Anonymous Symbol]                       0x08001814   Section        0  stm32f10x_rcc.o(.text.RCC_GetClocksFreq)
    [Anonymous Symbol]                       0x08001988   Section        0  stm32f10x_spi.o(.text.SPI_Cmd)
    [Anonymous Symbol]                       0x080019b4   Section        0  SPI.o(.text.SPI_ExchangeByte)
    [Anonymous Symbol]                       0x08001a10   Section        0  stm32f10x_spi.o(.text.SPI_I2S_GetFlagStatus)
    [Anonymous Symbol]                       0x08001a48   Section        0  stm32f10x_spi.o(.text.SPI_I2S_ReceiveData)
    [Anonymous Symbol]                       0x08001a54   Section        0  stm32f10x_spi.o(.text.SPI_I2S_SendData)
    [Anonymous Symbol]                       0x08001a68   Section        0  stm32f10x_spi.o(.text.SPI_Init)
    [Anonymous Symbol]                       0x08001ad0   Section        0  SPI.o(.text.SPI_Initilize)
    [Anonymous Symbol]                       0x08001b94   Section        0  SPI.o(.text.SPI_SS)
    [Anonymous Symbol]                       0x08001bc0   Section        0  port.o(.text.SVC_Handler)
    pxCurrentTCBConst2                       0x08001be0   Number         0  port.o(.text.SVC_Handler)
    SetSysClock                              0x08001be5   Thumb Code     8  system_stm32f10x.o(.text.SetSysClock)
    [Anonymous Symbol]                       0x08001be4   Section        0  system_stm32f10x.o(.text.SetSysClock)
    SetSysClockTo72                          0x08001bed   Thumb Code   290  system_stm32f10x.o(.text.SetSysClockTo72)
    [Anonymous Symbol]                       0x08001bec   Section        0  system_stm32f10x.o(.text.SetSysClockTo72)
    [Anonymous Symbol]                       0x08001d10   Section        0  port.o(.text.SysTick_Handler)
    [Anonymous Symbol]                       0x08001d4c   Section        0  system_stm32f10x.o(.text.SystemInit)
    [Anonymous Symbol]                       0x08001db4   Section        0  Serial.o(.text.USART1_IRQHandler)
    [Anonymous Symbol]                       0x08001ec0   Section        0  stm32f10x_usart.o(.text.USART_ClearITPendingBit)
    [Anonymous Symbol]                       0x08001f04   Section        0  stm32f10x_usart.o(.text.USART_GetITStatus)
    [Anonymous Symbol]                       0x08001fb4   Section        0  stm32f10x_usart.o(.text.USART_ReceiveData)
    [Anonymous Symbol]                       0x08001fc4   Section        0  stm32f10x_it.o(.text.UsageFault_Handler)
    [Anonymous Symbol]                       0x08001fc8   Section        0  main.o(.text.main)
    [Anonymous Symbol]                       0x080020b4   Section        0  2.4TFT.o(.text.mypow)
    prvResetNextTaskUnblockTime              0x080020e5   Thumb Code    60  tasks.o(.text.prvResetNextTaskUnblockTime)
    [Anonymous Symbol]                       0x080020e4   Section        0  tasks.o(.text.prvResetNextTaskUnblockTime)
    __tagsym$$used.0                         0x08002120   Number         0  tasks.o(.text.vTaskSwitchContext)
    [Anonymous Symbol]                       0x08002120   Section        0  tasks.o(.text.vTaskSwitchContext)
    [Anonymous Symbol]                       0x080021b4   Section        0  tasks.o(.text.xTaskIncrementTick)
    ADCPrescTable                            0x080023fe   Data           4  stm32f10x_rcc.o(.rodata.ADCPrescTable)
    [Anonymous Symbol]                       0x080023fe   Section        0  stm32f10x_rcc.o(.rodata.ADCPrescTable)
    APBAHBPrescTable                         0x08002402   Data          16  stm32f10x_rcc.o(.rodata.APBAHBPrescTable)
    [Anonymous Symbol]                       0x08002402   Section        0  stm32f10x_rcc.o(.rodata.APBAHBPrescTable)
    .bss                                     0x20000008   Section       96  libspace.o(.bss)
    USART1_IRQHandler.Queue                  0x200000e3   Data           1  Serial.o(.bss.USART1_IRQHandler.Queue)
    [Anonymous Symbol]                       0x200000e3   Section        0  Serial.o(.bss.USART1_IRQHandler.Queue)
    USART1_IRQHandler.RxState                0x200000e4   Data           1  Serial.o(.bss.USART1_IRQHandler.RxState)
    [Anonymous Symbol]                       0x200000e4   Section        0  Serial.o(.bss.USART1_IRQHandler.RxState)
    __tagsym$$used.1                         0x200000f4   Number         0  tasks.o(.bss.pxCurrentTCB)
    pxDelayedTaskList                        0x200000f8   Data           4  tasks.o(.bss.pxDelayedTaskList)
    [Anonymous Symbol]                       0x200000f8   Section        0  tasks.o(.bss.pxDelayedTaskList)
    pxOverflowDelayedTaskList                0x200000fc   Data           4  tasks.o(.bss.pxOverflowDelayedTaskList)
    [Anonymous Symbol]                       0x200000fc   Section        0  tasks.o(.bss.pxOverflowDelayedTaskList)
    pxReadyTasksLists                        0x20000100   Data         100  tasks.o(.bss.pxReadyTasksLists)
    [Anonymous Symbol]                       0x20000100   Section        0  tasks.o(.bss.pxReadyTasksLists)
    uxSchedulerSuspended                     0x20000164   Data           4  tasks.o(.bss.uxSchedulerSuspended)
    [Anonymous Symbol]                       0x20000164   Section        0  tasks.o(.bss.uxSchedulerSuspended)
    uxTopReadyPriority                       0x20000168   Data           4  tasks.o(.bss.uxTopReadyPriority)
    [Anonymous Symbol]                       0x20000168   Section        0  tasks.o(.bss.uxTopReadyPriority)
    xNextTaskUnblockTime                     0x2000016c   Data           2  tasks.o(.bss.xNextTaskUnblockTime)
    [Anonymous Symbol]                       0x2000016c   Section        0  tasks.o(.bss.xNextTaskUnblockTime)
    xNumOfOverflows                          0x20000170   Data           4  tasks.o(.bss.xNumOfOverflows)
    [Anonymous Symbol]                       0x20000170   Section        0  tasks.o(.bss.xNumOfOverflows)
    xPendedTicks                             0x20000174   Data           2  tasks.o(.bss.xPendedTicks)
    [Anonymous Symbol]                       0x20000174   Section        0  tasks.o(.bss.xPendedTicks)
    xTickCount                               0x20000176   Data           2  tasks.o(.bss.xTickCount)
    [Anonymous Symbol]                       0x20000176   Section        0  tasks.o(.bss.xTickCount)
    xYieldPending                            0x20000178   Data           4  tasks.o(.bss.xYieldPending)
    [Anonymous Symbol]                       0x20000178   Section        0  tasks.o(.bss.xYieldPending)
    Heap_Mem                                 0x20000180   Data         512  startup_stm32f10x_md.o(HEAP)
    HEAP                                     0x20000180   Section      512  startup_stm32f10x_md.o(HEAP)
    Stack_Mem                                0x20000380   Data        1024  startup_stm32f10x_md.o(STACK)
    STACK                                    0x20000380   Section     1024  startup_stm32f10x_md.o(STACK)
    __initial_sp                             0x20000780   Data           0  startup_stm32f10x_md.o(STACK)

    Global Symbols

    Symbol Name                              Value     Ov Type        Size  Object(Section)

    BuildAttributes$$THM_ISAv4$P$D$K$B$S$PE$A:L22UL41UL21$X:L11$S22US41US21$IEEE1$IW$~IW$USESV6$~STKCKD$USESV7$~SHL$OTIME$ROPI$IEEEJ$EBA8$UX$STANDARDLIB$REQ8$PRES8$EABIv2 0x00000000   Number         0  anon$$obj.o ABSOLUTE
    __fp_init_empty                          0x00000000   Number         0  fpinit_empty.o ABSOLUTE
    _printf_flags                            0x00000000   Number         0  printf_stubs.o ABSOLUTE
    _printf_return_value                     0x00000000   Number         0  printf_stubs.o ABSOLUTE
    _printf_sizespec                         0x00000000   Number         0  printf_stubs.o ABSOLUTE
    _printf_widthprec                        0x00000000   Number         0  printf_stubs.o ABSOLUTE
    __ARM_exceptions_init                     - Undefined Weak Reference
    __alloca_initialize                       - Undefined Weak Reference
    __arm_preinit_                            - Undefined Weak Reference
    __arm_relocate_pie_                       - Undefined Weak Reference
    __cpp_initialize__aeabi_                  - Undefined Weak Reference
    __cxa_finalize                            - Undefined Weak Reference
    __sigvec_lookup                           - Undefined Weak Reference
    _atexit_init                              - Undefined Weak Reference
    _call_atexit_fns                          - Undefined Weak Reference
    _clock_init                               - Undefined Weak Reference
    _fp_trap_init                             - Undefined Weak Reference
    _fp_trap_shutdown                         - Undefined Weak Reference
    _get_lc_collate                           - Undefined Weak Reference
    _get_lc_monetary                          - Undefined Weak Reference
    _get_lc_time                              - Undefined Weak Reference
    _getenv_init                              - Undefined Weak Reference
    _handle_redirection                       - Undefined Weak Reference
    _init_alloc                               - Undefined Weak Reference
    _init_user_alloc                          - Undefined Weak Reference
    _initio                                   - Undefined Weak Reference
    _printf_mbtowc                            - Undefined Weak Reference
    _printf_wc                                - Undefined Weak Reference
    _rand_init                                - Undefined Weak Reference
    _signal_finish                            - Undefined Weak Reference
    _signal_init                              - Undefined Weak Reference
    _terminate_alloc                          - Undefined Weak Reference
    _terminate_user_alloc                     - Undefined Weak Reference
    _terminateio                              - Undefined Weak Reference
    __Vectors_Size                           0x000000ec   Number         0  startup_stm32f10x_md.o ABSOLUTE
    __Vectors                                0x08000000   Data           4  startup_stm32f10x_md.o(RESET)
    __Vectors_End                            0x080000ec   Data           0  startup_stm32f10x_md.o(RESET)
    __main                                   0x080000ed   Thumb Code     8  __main.o(!!!main)
    __scatterload                            0x080000f5   Thumb Code     0  __scatter.o(!!!scatter)
    __scatterload_rt2                        0x080000f5   Thumb Code    44  __scatter.o(!!!scatter)
    __scatterload_rt2_thumb_only             0x080000f5   Thumb Code     0  __scatter.o(!!!scatter)
    __scatterload_null                       0x08000103   Thumb Code     0  __scatter.o(!!!scatter)
    __scatterload_copy                       0x08000129   Thumb Code    26  __scatter_copy.o(!!handler_copy)
    __scatterload_zeroinit                   0x08000145   Thumb Code    28  __scatter_zi.o(!!handler_zi)
    __rt_lib_init                            0x08000161   Thumb Code     0  libinit.o(.ARM.Collect$$libinit$$00000000)
    __rt_lib_init_alloca_1                   0x08000163   Thumb Code     0  libinit2.o(.ARM.Collect$$libinit$$00000030)
    __rt_lib_init_argv_1                     0x08000163   Thumb Code     0  libinit2.o(.ARM.Collect$$libinit$$0000002E)
    __rt_lib_init_atexit_1                   0x08000163   Thumb Code     0  libinit2.o(.ARM.Collect$$libinit$$0000001D)
    __rt_lib_init_clock_1                    0x08000163   Thumb Code     0  libinit2.o(.ARM.Collect$$libinit$$00000023)
    __rt_lib_init_cpp_1                      0x08000163   Thumb Code     0  libinit2.o(.ARM.Collect$$libinit$$00000034)
    __rt_lib_init_exceptions_1               0x08000163   Thumb Code     0  libinit2.o(.ARM.Collect$$libinit$$00000032)
    __rt_lib_init_fp_1                       0x08000163   Thumb Code     0  libinit2.o(.ARM.Collect$$libinit$$00000002)
    __rt_lib_init_fp_trap_1                  0x08000163   Thumb Code     0  libinit2.o(.ARM.Collect$$libinit$$00000021)
    __rt_lib_init_getenv_1                   0x08000163   Thumb Code     0  libinit2.o(.ARM.Collect$$libinit$$00000025)
    __rt_lib_init_heap_1                     0x08000163   Thumb Code     0  libinit2.o(.ARM.Collect$$libinit$$0000000C)
    __rt_lib_init_lc_collate_1               0x08000163   Thumb Code     0  libinit2.o(.ARM.Collect$$libinit$$00000013)
    __rt_lib_init_lc_ctype_1                 0x08000163   Thumb Code     0  libinit2.o(.ARM.Collect$$libinit$$00000015)
    __rt_lib_init_lc_monetary_1              0x08000163   Thumb Code     0  libinit2.o(.ARM.Collect$$libinit$$00000017)
    __rt_lib_init_lc_numeric_1               0x08000163   Thumb Code     0  libinit2.o(.ARM.Collect$$libinit$$00000019)
    __rt_lib_init_lc_time_1                  0x08000163   Thumb Code     0  libinit2.o(.ARM.Collect$$libinit$$0000001B)
    __rt_lib_init_preinit_1                  0x08000163   Thumb Code     0  libinit2.o(.ARM.Collect$$libinit$$00000006)
    __rt_lib_init_rand_1                     0x08000163   Thumb Code     0  libinit2.o(.ARM.Collect$$libinit$$00000010)
    __rt_lib_init_relocate_pie_1             0x08000163   Thumb Code     0  libinit2.o(.ARM.Collect$$libinit$$00000004)
    __rt_lib_init_return                     0x08000163   Thumb Code     0  libinit2.o(.ARM.Collect$$libinit$$00000035)
    __rt_lib_init_signal_1                   0x08000163   Thumb Code     0  libinit2.o(.ARM.Collect$$libinit$$0000001F)
    __rt_lib_init_stdio_1                    0x08000163   Thumb Code     0  libinit2.o(.ARM.Collect$$libinit$$00000027)
    __rt_lib_init_user_alloc_1               0x08000163   Thumb Code     0  libinit2.o(.ARM.Collect$$libinit$$0000000E)
    __rt_lib_shutdown                        0x08000165   Thumb Code     0  libshutdown.o(.ARM.Collect$$libshutdown$$00000000)
    __rt_lib_shutdown_cpp_1                  0x08000167   Thumb Code     0  libshutdown2.o(.ARM.Collect$$libshutdown$$00000002)
    __rt_lib_shutdown_fp_trap_1              0x08000167   Thumb Code     0  libshutdown2.o(.ARM.Collect$$libshutdown$$00000007)
    __rt_lib_shutdown_heap_1                 0x08000167   Thumb Code     0  libshutdown2.o(.ARM.Collect$$libshutdown$$0000000F)
    __rt_lib_shutdown_return                 0x08000167   Thumb Code     0  libshutdown2.o(.ARM.Collect$$libshutdown$$00000010)
    __rt_lib_shutdown_signal_1               0x08000167   Thumb Code     0  libshutdown2.o(.ARM.Collect$$libshutdown$$0000000A)
    __rt_lib_shutdown_stdio_1                0x08000167   Thumb Code     0  libshutdown2.o(.ARM.Collect$$libshutdown$$00000004)
    __rt_lib_shutdown_user_alloc_1           0x08000167   Thumb Code     0  libshutdown2.o(.ARM.Collect$$libshutdown$$0000000C)
    __rt_entry                               0x08000169   Thumb Code     0  __rtentry.o(.ARM.Collect$$rtentry$$00000000)
    __rt_entry_presh_1                       0x08000169   Thumb Code     0  __rtentry2.o(.ARM.Collect$$rtentry$$00000002)
    __rt_entry_sh                            0x08000169   Thumb Code     0  __rtentry4.o(.ARM.Collect$$rtentry$$00000004)
    __rt_entry_li                            0x0800016f   Thumb Code     0  __rtentry2.o(.ARM.Collect$$rtentry$$0000000A)
    __rt_entry_postsh_1                      0x0800016f   Thumb Code     0  __rtentry2.o(.ARM.Collect$$rtentry$$00000009)
    __rt_entry_main                          0x08000173   Thumb Code     0  __rtentry2.o(.ARM.Collect$$rtentry$$0000000D)
    __rt_entry_postli_1                      0x08000173   Thumb Code     0  __rtentry2.o(.ARM.Collect$$rtentry$$0000000C)
    __rt_exit                                0x0800017b   Thumb Code     0  rtexit.o(.ARM.Collect$$rtexit$$00000000)
    __rt_exit_ls                             0x0800017d   Thumb Code     0  rtexit2.o(.ARM.Collect$$rtexit$$00000003)
    __rt_exit_prels_1                        0x0800017d   Thumb Code     0  rtexit2.o(.ARM.Collect$$rtexit$$00000002)
    __rt_exit_exit                           0x08000181   Thumb Code     0  rtexit2.o(.ARM.Collect$$rtexit$$00000004)
    Reset_Handler                            0x08000189   Thumb Code     8  startup_stm32f10x_md.o(.text)
    ADC1_2_IRQHandler                        0x080001a3   Thumb Code     0  startup_stm32f10x_md.o(.text)
    CAN1_RX1_IRQHandler                      0x080001a3   Thumb Code     0  startup_stm32f10x_md.o(.text)
    CAN1_SCE_IRQHandler                      0x080001a3   Thumb Code     0  startup_stm32f10x_md.o(.text)
    DMA1_Channel1_IRQHandler                 0x080001a3   Thumb Code     0  startup_stm32f10x_md.o(.text)
    DMA1_Channel2_IRQHandler                 0x080001a3   Thumb Code     0  startup_stm32f10x_md.o(.text)
    DMA1_Channel3_IRQHandler                 0x080001a3   Thumb Code     0  startup_stm32f10x_md.o(.text)
    DMA1_Channel4_IRQHandler                 0x080001a3   Thumb Code     0  startup_stm32f10x_md.o(.text)
    DMA1_Channel5_IRQHandler                 0x080001a3   Thumb Code     0  startup_stm32f10x_md.o(.text)
    DMA1_Channel6_IRQHandler                 0x080001a3   Thumb Code     0  startup_stm32f10x_md.o(.text)
    DMA1_Channel7_IRQHandler                 0x080001a3   Thumb Code     0  startup_stm32f10x_md.o(.text)
    EXTI2_IRQHandler                         0x080001a3   Thumb Code     0  startup_stm32f10x_md.o(.text)
    EXTI3_IRQHandler                         0x080001a3   Thumb Code     0  startup_stm32f10x_md.o(.text)
    EXTI4_IRQHandler                         0x080001a3   Thumb Code     0  startup_stm32f10x_md.o(.text)
    EXTI9_5_IRQHandler                       0x080001a3   Thumb Code     0  startup_stm32f10x_md.o(.text)
    FLASH_IRQHandler                         0x080001a3   Thumb Code     0  startup_stm32f10x_md.o(.text)
    I2C1_ER_IRQHandler                       0x080001a3   Thumb Code     0  startup_stm32f10x_md.o(.text)
    I2C1_EV_IRQHandler                       0x080001a3   Thumb Code     0  startup_stm32f10x_md.o(.text)
    I2C2_ER_IRQHandler                       0x080001a3   Thumb Code     0  startup_stm32f10x_md.o(.text)
    I2C2_EV_IRQHandler                       0x080001a3   Thumb Code     0  startup_stm32f10x_md.o(.text)
    PVD_IRQHandler                           0x080001a3   Thumb Code     0  startup_stm32f10x_md.o(.text)
    RCC_IRQHandler                           0x080001a3   Thumb Code     0  startup_stm32f10x_md.o(.text)
    RTCAlarm_IRQHandler                      0x080001a3   Thumb Code     0  startup_stm32f10x_md.o(.text)
    RTC_IRQHandler                           0x080001a3   Thumb Code     0  startup_stm32f10x_md.o(.text)
    SPI1_IRQHandler                          0x080001a3   Thumb Code     0  startup_stm32f10x_md.o(.text)
    SPI2_IRQHandler                          0x080001a3   Thumb Code     0  startup_stm32f10x_md.o(.text)
    TAMPER_IRQHandler                        0x080001a3   Thumb Code     0  startup_stm32f10x_md.o(.text)
    TIM1_BRK_IRQHandler                      0x080001a3   Thumb Code     0  startup_stm32f10x_md.o(.text)
    TIM1_CC_IRQHandler                       0x080001a3   Thumb Code     0  startup_stm32f10x_md.o(.text)
    TIM1_TRG_COM_IRQHandler                  0x080001a3   Thumb Code     0  startup_stm32f10x_md.o(.text)
    TIM1_UP_IRQHandler                       0x080001a3   Thumb Code     0  startup_stm32f10x_md.o(.text)
    TIM2_IRQHandler                          0x080001a3   Thumb Code     0  startup_stm32f10x_md.o(.text)
    TIM3_IRQHandler                          0x080001a3   Thumb Code     0  startup_stm32f10x_md.o(.text)
    TIM4_IRQHandler                          0x080001a3   Thumb Code     0  startup_stm32f10x_md.o(.text)
    USART2_IRQHandler                        0x080001a3   Thumb Code     0  startup_stm32f10x_md.o(.text)
    USART3_IRQHandler                        0x080001a3   Thumb Code     0  startup_stm32f10x_md.o(.text)
    USBWakeUp_IRQHandler                     0x080001a3   Thumb Code     0  startup_stm32f10x_md.o(.text)
    USB_HP_CAN1_TX_IRQHandler                0x080001a3   Thumb Code     0  startup_stm32f10x_md.o(.text)
    USB_LP_CAN1_RX0_IRQHandler               0x080001a3   Thumb Code     0  startup_stm32f10x_md.o(.text)
    WWDG_IRQHandler                          0x080001a3   Thumb Code     0  startup_stm32f10x_md.o(.text)
    __user_initial_stackheap                 0x080001a5   Thumb Code     0  startup_stm32f10x_md.o(.text)
    __use_two_region_memory                  0x080001c9   Thumb Code     2  heapauxi.o(.text)
    __rt_heap_escrow$2region                 0x080001cb   Thumb Code     2  heapauxi.o(.text)
    __rt_heap_expand$2region                 0x080001cd   Thumb Code     2  heapauxi.o(.text)
    __user_setup_stackheap                   0x080001cf   Thumb Code    74  sys_stackheap_outer.o(.text)
    exit                                     0x08000219   Thumb Code    18  exit.o(.text)
    __user_libspace                          0x0800022d   Thumb Code     8  libspace.o(.text)
    __user_perproc_libspace                  0x0800022d   Thumb Code     0  libspace.o(.text)
    __user_perthread_libspace                0x0800022d   Thumb Code     0  libspace.o(.text)
    _sys_exit                                0x08000235   Thumb Code     8  sys_exit.o(.text)
    __I$use$semihosting                      0x08000241   Thumb Code     0  use_no_semi.o(.text)
    __use_no_semihosting_swi                 0x08000241   Thumb Code     2  use_no_semi.o(.text)
    __semihosting_library_function           0x08000243   Thumb Code     0  indicate_semi.o(.text)
    BusFault_Handler                         0x08000245   Thumb Code     4  stm32f10x_it.o(.text.BusFault_Handler)
    DebugMon_Handler                         0x08000249   Thumb Code     2  stm32f10x_it.o(.text.DebugMon_Handler)
    Delay_ms                                 0x0800024d   Thumb Code    32  Delay.o(.text.Delay_ms)
    Delay_us                                 0x0800026d   Thumb Code    84  Delay.o(.text.Delay_us)
    EXTI0_IRQHandler                         0x080002c1   Thumb Code    90  Rotary_Encoder.o(.text.EXTI0_IRQHandler)
    EXTI15_10_IRQHandler                     0x0800031d   Thumb Code    42  Through_Beam_Sensor.o(.text.EXTI15_10_IRQHandler)
    EXTI1_IRQHandler                         0x08000349   Thumb Code    90  Rotary_Encoder.o(.text.EXTI1_IRQHandler)
    EXTI_ClearITPendingBit                   0x080003a5   Thumb Code    20  stm32f10x_exti.o(.text.EXTI_ClearITPendingBit)
    EXTI_GetITStatus                         0x080003b9   Thumb Code    76  stm32f10x_exti.o(.text.EXTI_GetITStatus)
    GPIO_Init                                0x08000405   Thumb Code   390  stm32f10x_gpio.o(.text.GPIO_Init)
    GPIO_ReadInputDataBit                    0x0800058d   Thumb Code    52  stm32f10x_gpio.o(.text.GPIO_ReadInputDataBit)
    GPIO_WriteBit                            0x080005c1   Thumb Code    44  stm32f10x_gpio.o(.text.GPIO_WriteBit)
    HardFault_Handler                        0x080005ed   Thumb Code     4  stm32f10x_it.o(.text.HardFault_Handler)
    I2C_AcknowledgeConfig                    0x080005f1   Thumb Code    44  stm32f10x_i2c.o(.text.I2C_AcknowledgeConfig)
    I2C_CheckEvent                           0x0800061d   Thumb Code    84  stm32f10x_i2c.o(.text.I2C_CheckEvent)
    I2C_Cmd                                  0x08000671   Thumb Code    44  stm32f10x_i2c.o(.text.I2C_Cmd)
    I2C_GenerateSTART                        0x0800069d   Thumb Code    44  stm32f10x_i2c.o(.text.I2C_GenerateSTART)
    I2C_GenerateSTOP                         0x080006c9   Thumb Code    44  stm32f10x_i2c.o(.text.I2C_GenerateSTOP)
    I2C_Init                                 0x080006f5   Thumb Code   426  stm32f10x_i2c.o(.text.I2C_Init)
    I2C_ReceiveData                          0x080008a1   Thumb Code    14  stm32f10x_i2c.o(.text.I2C_ReceiveData)
    I2C_Send7bitAddress                      0x080008b1   Thumb Code    60  stm32f10x_i2c.o(.text.I2C_Send7bitAddress)
    I2C_SendData                             0x080008ed   Thumb Code    20  stm32f10x_i2c.o(.text.I2C_SendData)
    I2C_StructInit                           0x08000901   Thumb Code    46  stm32f10x_i2c.o(.text.I2C_StructInit)
    LCD_Clear                                0x08000931   Thumb Code   160  2.4TFT.o(.text.LCD_Clear)
    LCD_DrawPoint                            0x080009d1   Thumb Code    42  2.4TFT.o(.text.LCD_DrawPoint)
    LCD_GPIOInit                             0x080009fd   Thumb Code    50  2.4TFT.o(.text.LCD_GPIOInit)
    LCD_Init                                 0x08000a31   Thumb Code   630  2.4TFT.o(.text.LCD_Init)
    LCD_RESET                                0x08000ca9   Thumb Code    46  2.4TFT.o(.text.LCD_RESET)
    LCD_SetCursor                            0x08000cd9   Thumb Code    32  2.4TFT.o(.text.LCD_SetCursor)
    LCD_SetWindows                           0x08000cf9   Thumb Code   116  2.4TFT.o(.text.LCD_SetWindows)
    LCD_ShowChar                             0x08000d6d   Thumb Code   550  2.4TFT.o(.text.LCD_ShowChar)
    LCD_ShowHexNumber                        0x08000f95   Thumb Code   418  2.4TFT.o(.text.LCD_ShowHexNumber)
    LCD_ShowNumber                           0x08001139   Thumb Code   360  2.4TFT.o(.text.LCD_ShowNumber)
    LCD_WR_DATA                              0x080012a1   Thumb Code    58  2.4TFT.o(.text.LCD_WR_DATA)
    LCD_WR_REG                               0x080012dd   Thumb Code    54  2.4TFT.o(.text.LCD_WR_REG)
    LCD_WriteRAM_Prepare                     0x08001315   Thumb Code    18  2.4TFT.o(.text.LCD_WriteRAM_Prepare)
    LCD_WriteReg                             0x08001329   Thumb Code    32  2.4TFT.o(.text.LCD_WriteReg)
    LCD_direction                            0x08001349   Thumb Code   168  2.4TFT.o(.text.LCD_direction)
    Lcd_WriteData_16Bit                      0x080013f1   Thumb Code    66  2.4TFT.o(.text.Lcd_WriteData_16Bit)
    MPU6050_GetData                          0x08001435   Thumb Code   240  MPU6050.o(.text.MPU6050_GetData)
    MPU6050_Init                             0x08001525   Thumb Code   186  MPU6050.o(.text.MPU6050_Init)
    MPU6050_ReadID                           0x080015e1   Thumb Code    10  MPU6050.o(.text.MPU6050_ReadID)
    MPU6050_ReadReg                          0x080015ed   Thumb Code   182  MPU6050.o(.text.MPU6050_ReadReg)
    MPU6050_WaitEvent                        0x080016a5   Thumb Code    50  MPU6050.o(.text.MPU6050_WaitEvent)
    MPU6050_WriteReg                         0x080016d9   Thumb Code   120  MPU6050.o(.text.MPU6050_WriteReg)
    MemManage_Handler                        0x08001751   Thumb Code     4  stm32f10x_it.o(.text.MemManage_Handler)
    NMI_Handler                              0x08001755   Thumb Code     2  stm32f10x_it.o(.text.NMI_Handler)
    PendSV_Handler                           0x08001761   Thumb Code    68  port.o(.text.PendSV_Handler)
    RCC_APB1PeriphClockCmd                   0x080017a5   Thumb Code    56  stm32f10x_rcc.o(.text.RCC_APB1PeriphClockCmd)
    RCC_APB2PeriphClockCmd                   0x080017dd   Thumb Code    56  stm32f10x_rcc.o(.text.RCC_APB2PeriphClockCmd)
    RCC_GetClocksFreq                        0x08001815   Thumb Code   370  stm32f10x_rcc.o(.text.RCC_GetClocksFreq)
    SPI_Cmd                                  0x08001989   Thumb Code    44  stm32f10x_spi.o(.text.SPI_Cmd)
    SPI_ExchangeByte                         0x080019b5   Thumb Code    90  SPI.o(.text.SPI_ExchangeByte)
    SPI_I2S_GetFlagStatus                    0x08001a11   Thumb Code    54  stm32f10x_spi.o(.text.SPI_I2S_GetFlagStatus)
    SPI_I2S_ReceiveData                      0x08001a49   Thumb Code    12  stm32f10x_spi.o(.text.SPI_I2S_ReceiveData)
    SPI_I2S_SendData                         0x08001a55   Thumb Code    20  stm32f10x_spi.o(.text.SPI_I2S_SendData)
    SPI_Init                                 0x08001a69   Thumb Code   104  stm32f10x_spi.o(.text.SPI_Init)
    SPI_Initilize                            0x08001ad1   Thumb Code   194  SPI.o(.text.SPI_Initilize)
    SPI_SS                                   0x08001b95   Thumb Code    30  SPI.o(.text.SPI_SS)
    SVC_Handler                              0x08001bc1   Thumb Code    36  port.o(.text.SVC_Handler)
    SysTick_Handler                          0x08001d11   Thumb Code    60  port.o(.text.SysTick_Handler)
    SystemInit                               0x08001d4d   Thumb Code   102  system_stm32f10x.o(.text.SystemInit)
    USART1_IRQHandler                        0x08001db5   Thumb Code   268  Serial.o(.text.USART1_IRQHandler)
    USART_ClearITPendingBit                  0x08001ec1   Thumb Code    68  stm32f10x_usart.o(.text.USART_ClearITPendingBit)
    USART_GetITStatus                        0x08001f05   Thumb Code   176  stm32f10x_usart.o(.text.USART_GetITStatus)
    USART_ReceiveData                        0x08001fb5   Thumb Code    16  stm32f10x_usart.o(.text.USART_ReceiveData)
    UsageFault_Handler                       0x08001fc5   Thumb Code     4  stm32f10x_it.o(.text.UsageFault_Handler)
    main                                     0x08001fc9   Thumb Code   234  main.o(.text.main)
    mypow                                    0x080020b5   Thumb Code    48  2.4TFT.o(.text.mypow)
    vTaskSwitchContext                       0x08002121   Thumb Code   146  tasks.o(.text.vTaskSwitchContext)
    xTaskIncrementTick                       0x080021b5   Thumb Code   586  tasks.o(.text.xTaskIncrementTick)
    asc2_1206                                0x08002412   Data        1140  2.4TFT.o(.rodata.asc2_1206)
    asc2_1608                                0x08002886   Data        1520  2.4TFT.o(.rodata.asc2_1608)
    Region$$Table$$Base                      0x08002e78   Number         0  anon$$obj.o(Region$$Table)
    Region$$Table$$Limit                     0x08002e98   Number         0  anon$$obj.o(Region$$Table)
    BACK_COLOR                               0x20000000   Data           2  2.4TFT.o(.data.BACK_COLOR)
    __libspace_start                         0x20000008   Data          96  libspace.o(.bss)
    AccX                                     0x20000068   Data           2  main.o(.bss.AccX)
    __temporary_stack_top$libspace           0x20000068   Data           0  libspace.o(.bss)
    AccY                                     0x2000006a   Data           2  main.o(.bss.AccY)
    AccZ                                     0x2000006c   Data           2  main.o(.bss.AccZ)
    Count                                    0x2000006e   Data           2  Through_Beam_Sensor.o(.bss.Count)
    Encoder_Count                            0x20000070   Data           2  Rotary_Encoder.o(.bss.Encoder_Count)
    Flag                                     0x20000072   Data           2  Rotary_Encoder.o(.bss.Flag)
    GyroX                                    0x20000074   Data           2  main.o(.bss.GyroX)
    GyroY                                    0x20000076   Data           2  main.o(.bss.GyroY)
    GyroZ                                    0x20000078   Data           2  main.o(.bss.GyroZ)
    ID                                       0x2000007a   Data           1  main.o(.bss.ID)
    POINT_COLOR                              0x2000007c   Data           2  2.4TFT.o(.bss.POINT_COLOR)
    Serial_RxFlag                            0x2000007e   Data           1  Serial.o(.bss.Serial_RxFlag)
    Serial_RxPackage                         0x2000007f   Data         100  Serial.o(.bss.Serial_RxPackage)
    lcddev                                   0x200000e6   Data          14  2.4TFT.o(.bss.lcddev)
    pxCurrentTCB                             0x200000f4   Data           4  tasks.o(.bss.pxCurrentTCB)



==============================================================================

Memory Map of the image

  Image Entry point : 0x080000ed

  Load Region LR_IROM1 (Base: 0x08000000, Size: 0x00002ea0, Max: 0x00010000, ABSOLUTE)

    Execution Region ER_IROM1 (Exec base: 0x08000000, Load base: 0x08000000, Size: 0x00002e98, Max: 0x00010000, ABSOLUTE)

    Exec Addr    Load Addr    Size         Type   Attr      Idx    E Section Name        Object

    0x08000000   0x08000000   0x000000ec   Data   RO            3    RESET               startup_stm32f10x_md.o
    0x080000ec   0x080000ec   0x00000008   Code   RO         2000  * !!!main             c_w.l(__main.o)
    0x080000f4   0x080000f4   0x00000034   Code   RO         2361    !!!scatter          c_w.l(__scatter.o)
    0x08000128   0x08000128   0x0000001a   Code   RO         2363    !!handler_copy      c_w.l(__scatter_copy.o)
    0x08000142   0x08000142   0x00000002   PAD
    0x08000144   0x08000144   0x0000001c   Code   RO         2365    !!handler_zi        c_w.l(__scatter_zi.o)
    0x08000160   0x08000160   0x00000002   Code   RO         2210    .ARM.Collect$$libinit$$00000000  c_w.l(libinit.o)
    0x08000162   0x08000162   0x00000000   Code   RO         2228    .ARM.Collect$$libinit$$00000002  c_w.l(libinit2.o)
    0x08000162   0x08000162   0x00000000   Code   RO         2230    .ARM.Collect$$libinit$$00000004  c_w.l(libinit2.o)
    0x08000162   0x08000162   0x00000000   Code   RO         2232    .ARM.Collect$$libinit$$00000006  c_w.l(libinit2.o)
    0x08000162   0x08000162   0x00000000   Code   RO         2235    .ARM.Collect$$libinit$$0000000C  c_w.l(libinit2.o)
    0x08000162   0x08000162   0x00000000   Code   RO         2237    .ARM.Collect$$libinit$$0000000E  c_w.l(libinit2.o)
    0x08000162   0x08000162   0x00000000   Code   RO         2239    .ARM.Collect$$libinit$$00000010  c_w.l(libinit2.o)
    0x08000162   0x08000162   0x00000000   Code   RO         2242    .ARM.Collect$$libinit$$00000013  c_w.l(libinit2.o)
    0x08000162   0x08000162   0x00000000   Code   RO         2244    .ARM.Collect$$libinit$$00000015  c_w.l(libinit2.o)
    0x08000162   0x08000162   0x00000000   Code   RO         2246    .ARM.Collect$$libinit$$00000017  c_w.l(libinit2.o)
    0x08000162   0x08000162   0x00000000   Code   RO         2248    .ARM.Collect$$libinit$$00000019  c_w.l(libinit2.o)
    0x08000162   0x08000162   0x00000000   Code   RO         2250    .ARM.Collect$$libinit$$0000001B  c_w.l(libinit2.o)
    0x08000162   0x08000162   0x00000000   Code   RO         2252    .ARM.Collect$$libinit$$0000001D  c_w.l(libinit2.o)
    0x08000162   0x08000162   0x00000000   Code   RO         2254    .ARM.Collect$$libinit$$0000001F  c_w.l(libinit2.o)
    0x08000162   0x08000162   0x00000000   Code   RO         2256    .ARM.Collect$$libinit$$00000021  c_w.l(libinit2.o)
    0x08000162   0x08000162   0x00000000   Code   RO         2258    .ARM.Collect$$libinit$$00000023  c_w.l(libinit2.o)
    0x08000162   0x08000162   0x00000000   Code   RO         2260    .ARM.Collect$$libinit$$00000025  c_w.l(libinit2.o)
    0x08000162   0x08000162   0x00000000   Code   RO         2262    .ARM.Collect$$libinit$$00000027  c_w.l(libinit2.o)
    0x08000162   0x08000162   0x00000000   Code   RO         2266    .ARM.Collect$$libinit$$0000002E  c_w.l(libinit2.o)
    0x08000162   0x08000162   0x00000000   Code   RO         2268    .ARM.Collect$$libinit$$00000030  c_w.l(libinit2.o)
    0x08000162   0x08000162   0x00000000   Code   RO         2270    .ARM.Collect$$libinit$$00000032  c_w.l(libinit2.o)
    0x08000162   0x08000162   0x00000000   Code   RO         2272    .ARM.Collect$$libinit$$00000034  c_w.l(libinit2.o)
    0x08000162   0x08000162   0x00000002   Code   RO         2273    .ARM.Collect$$libinit$$00000035  c_w.l(libinit2.o)
    0x08000164   0x08000164   0x00000002   Code   RO         2297    .ARM.Collect$$libshutdown$$00000000  c_w.l(libshutdown.o)
    0x08000166   0x08000166   0x00000000   Code   RO         2312    .ARM.Collect$$libshutdown$$00000002  c_w.l(libshutdown2.o)
    0x08000166   0x08000166   0x00000000   Code   RO         2314    .ARM.Collect$$libshutdown$$00000004  c_w.l(libshutdown2.o)
    0x08000166   0x08000166   0x00000000   Code   RO         2317    .ARM.Collect$$libshutdown$$00000007  c_w.l(libshutdown2.o)
    0x08000166   0x08000166   0x00000000   Code   RO         2320    .ARM.Collect$$libshutdown$$0000000A  c_w.l(libshutdown2.o)
    0x08000166   0x08000166   0x00000000   Code   RO         2322    .ARM.Collect$$libshutdown$$0000000C  c_w.l(libshutdown2.o)
    0x08000166   0x08000166   0x00000000   Code   RO         2325    .ARM.Collect$$libshutdown$$0000000F  c_w.l(libshutdown2.o)
    0x08000166   0x08000166   0x00000002   Code   RO         2326    .ARM.Collect$$libshutdown$$00000010  c_w.l(libshutdown2.o)
    0x08000168   0x08000168   0x00000000   Code   RO         2018    .ARM.Collect$$rtentry$$00000000  c_w.l(__rtentry.o)
    0x08000168   0x08000168   0x00000000   Code   RO         2128    .ARM.Collect$$rtentry$$00000002  c_w.l(__rtentry2.o)
    0x08000168   0x08000168   0x00000006   Code   RO         2140    .ARM.Collect$$rtentry$$00000004  c_w.l(__rtentry4.o)
    0x0800016e   0x0800016e   0x00000000   Code   RO         2130    .ARM.Collect$$rtentry$$00000009  c_w.l(__rtentry2.o)
    0x0800016e   0x0800016e   0x00000004   Code   RO         2131    .ARM.Collect$$rtentry$$0000000A  c_w.l(__rtentry2.o)
    0x08000172   0x08000172   0x00000000   Code   RO         2133    .ARM.Collect$$rtentry$$0000000C  c_w.l(__rtentry2.o)
    0x08000172   0x08000172   0x00000008   Code   RO         2134    .ARM.Collect$$rtentry$$0000000D  c_w.l(__rtentry2.o)
    0x0800017a   0x0800017a   0x00000002   Code   RO         2218    .ARM.Collect$$rtexit$$00000000  c_w.l(rtexit.o)
    0x0800017c   0x0800017c   0x00000000   Code   RO         2275    .ARM.Collect$$rtexit$$00000002  c_w.l(rtexit2.o)
    0x0800017c   0x0800017c   0x00000004   Code   RO         2276    .ARM.Collect$$rtexit$$00000003  c_w.l(rtexit2.o)
    0x08000180   0x08000180   0x00000006   Code   RO         2277    .ARM.Collect$$rtexit$$00000004  c_w.l(rtexit2.o)
    0x08000186   0x08000186   0x00000002   PAD
    0x08000188   0x08000188   0x00000040   Code   RO            4    .text               startup_stm32f10x_md.o
    0x080001c8   0x080001c8   0x00000006   Code   RO         1998    .text               c_w.l(heapauxi.o)
    0x080001ce   0x080001ce   0x0000004a   Code   RO         2162    .text               c_w.l(sys_stackheap_outer.o)
    0x08000218   0x08000218   0x00000012   Code   RO         2203    .text               c_w.l(exit.o)
    0x0800022a   0x0800022a   0x00000002   PAD
    0x0800022c   0x0800022c   0x00000008   Code   RO         2215    .text               c_w.l(libspace.o)
    0x08000234   0x08000234   0x0000000c   Code   RO         2287    .text               c_w.l(sys_exit.o)
    0x08000240   0x08000240   0x00000002   Code   RO         2302    .text               c_w.l(use_no_semi.o)
    0x08000242   0x08000242   0x00000000   Code   RO         2304    .text               c_w.l(indicate_semi.o)
    0x08000242   0x08000242   0x00000002   PAD
    0x08000244   0x08000244   0x00000004   Code   RO         1976    .text.BusFault_Handler  stm32f10x_it.o
    0x08000248   0x08000248   0x00000002   Code   RO         1980    .text.DebugMon_Handler  stm32f10x_it.o
    0x0800024a   0x0800024a   0x00000002   PAD
    0x0800024c   0x0800024c   0x00000020   Code   RO         1918    .text.Delay_ms      Delay.o
    0x0800026c   0x0800026c   0x00000054   Code   RO         1916    .text.Delay_us      Delay.o
    0x080002c0   0x080002c0   0x0000005a   Code   RO         1793    .text.EXTI0_IRQHandler  Rotary_Encoder.o
    0x0800031a   0x0800031a   0x00000002   PAD
    0x0800031c   0x0800031c   0x0000002a   Code   RO         1819    .text.EXTI15_10_IRQHandler  Through_Beam_Sensor.o
    0x08000346   0x08000346   0x00000002   PAD
    0x08000348   0x08000348   0x0000005a   Code   RO         1795    .text.EXTI1_IRQHandler  Rotary_Encoder.o
    0x080003a2   0x080003a2   0x00000002   PAD
    0x080003a4   0x080003a4   0x00000014   Code   RO          805    .text.EXTI_ClearITPendingBit  stm32f10x_exti.o
    0x080003b8   0x080003b8   0x0000004c   Code   RO          803    .text.EXTI_GetITStatus  stm32f10x_exti.o
    0x08000404   0x08000404   0x00000186   Code   RO          926    .text.GPIO_Init     stm32f10x_gpio.o
    0x0800058a   0x0800058a   0x00000002   PAD
    0x0800058c   0x0800058c   0x00000034   Code   RO          930    .text.GPIO_ReadInputDataBit  stm32f10x_gpio.o
    0x080005c0   0x080005c0   0x0000002c   Code   RO          942    .text.GPIO_WriteBit  stm32f10x_gpio.o
    0x080005ec   0x080005ec   0x00000004   Code   RO         1972    .text.HardFault_Handler  stm32f10x_it.o
    0x080005f0   0x080005f0   0x0000002c   Code   RO          981    .text.I2C_AcknowledgeConfig  stm32f10x_i2c.o
    0x0800061c   0x0800061c   0x00000054   Code   RO         1019    .text.I2C_CheckEvent  stm32f10x_i2c.o
    0x08000670   0x08000670   0x0000002c   Code   RO          971    .text.I2C_Cmd       stm32f10x_i2c.o
    0x0800069c   0x0800069c   0x0000002c   Code   RO          977    .text.I2C_GenerateSTART  stm32f10x_i2c.o
    0x080006c8   0x080006c8   0x0000002c   Code   RO          979    .text.I2C_GenerateSTOP  stm32f10x_i2c.o
    0x080006f4   0x080006f4   0x000001aa   Code   RO          967    .text.I2C_Init      stm32f10x_i2c.o
    0x0800089e   0x0800089e   0x00000002   PAD
    0x080008a0   0x080008a0   0x0000000e   Code   RO          993    .text.I2C_ReceiveData  stm32f10x_i2c.o
    0x080008ae   0x080008ae   0x00000002   PAD
    0x080008b0   0x080008b0   0x0000003c   Code   RO          995    .text.I2C_Send7bitAddress  stm32f10x_i2c.o
    0x080008ec   0x080008ec   0x00000014   Code   RO          991    .text.I2C_SendData  stm32f10x_i2c.o
    0x08000900   0x08000900   0x0000002e   Code   RO          969    .text.I2C_StructInit  stm32f10x_i2c.o
    0x0800092e   0x0800092e   0x00000002   PAD
    0x08000930   0x08000930   0x000000a0   Code   RO         1645    .text.LCD_Clear     2.4TFT.o
    0x080009d0   0x080009d0   0x0000002a   Code   RO         1641    .text.LCD_DrawPoint  2.4TFT.o
    0x080009fa   0x080009fa   0x00000002   PAD
    0x080009fc   0x080009fc   0x00000032   Code   RO         1649    .text.LCD_GPIOInit  2.4TFT.o
    0x08000a2e   0x08000a2e   0x00000002   PAD
    0x08000a30   0x08000a30   0x00000276   Code   RO         1653    .text.LCD_Init      2.4TFT.o
    0x08000ca6   0x08000ca6   0x00000002   PAD
    0x08000ca8   0x08000ca8   0x0000002e   Code   RO         1651    .text.LCD_RESET     2.4TFT.o
    0x08000cd6   0x08000cd6   0x00000002   PAD
    0x08000cd8   0x08000cd8   0x00000020   Code   RO         1643    .text.LCD_SetCursor  2.4TFT.o
    0x08000cf8   0x08000cf8   0x00000074   Code   RO         1647    .text.LCD_SetWindows  2.4TFT.o
    0x08000d6c   0x08000d6c   0x00000226   Code   RO         1677    .text.LCD_ShowChar  2.4TFT.o
    0x08000f92   0x08000f92   0x00000002   PAD
    0x08000f94   0x08000f94   0x000001a2   Code   RO         1685    .text.LCD_ShowHexNumber  2.4TFT.o
    0x08001136   0x08001136   0x00000002   PAD
    0x08001138   0x08001138   0x00000168   Code   RO         1683    .text.LCD_ShowNumber  2.4TFT.o
    0x080012a0   0x080012a0   0x0000003a   Code   RO         1633    .text.LCD_WR_DATA   2.4TFT.o
    0x080012da   0x080012da   0x00000002   PAD
    0x080012dc   0x080012dc   0x00000036   Code   RO         1631    .text.LCD_WR_REG    2.4TFT.o
    0x08001312   0x08001312   0x00000002   PAD
    0x08001314   0x08001314   0x00000012   Code   RO         1637    .text.LCD_WriteRAM_Prepare  2.4TFT.o
    0x08001326   0x08001326   0x00000002   PAD
    0x08001328   0x08001328   0x00000020   Code   RO         1635    .text.LCD_WriteReg  2.4TFT.o
    0x08001348   0x08001348   0x000000a8   Code   RO         1655    .text.LCD_direction  2.4TFT.o
    0x080013f0   0x080013f0   0x00000042   Code   RO         1639    .text.Lcd_WriteData_16Bit  2.4TFT.o
    0x08001432   0x08001432   0x00000002   PAD
    0x08001434   0x08001434   0x000000f0   Code   RO         1776    .text.MPU6050_GetData  MPU6050.o
    0x08001524   0x08001524   0x000000ba   Code   RO         1774    .text.MPU6050_Init  MPU6050.o
    0x080015de   0x080015de   0x00000002   PAD
    0x080015e0   0x080015e0   0x0000000a   Code   RO         1778    .text.MPU6050_ReadID  MPU6050.o
    0x080015ea   0x080015ea   0x00000002   PAD
    0x080015ec   0x080015ec   0x000000b6   Code   RO         1772    .text.MPU6050_ReadReg  MPU6050.o
    0x080016a2   0x080016a2   0x00000002   PAD
    0x080016a4   0x080016a4   0x00000032   Code   RO         1768    .text.MPU6050_WaitEvent  MPU6050.o
    0x080016d6   0x080016d6   0x00000002   PAD
    0x080016d8   0x080016d8   0x00000078   Code   RO         1770    .text.MPU6050_WriteReg  MPU6050.o
    0x08001750   0x08001750   0x00000004   Code   RO         1974    .text.MemManage_Handler  stm32f10x_it.o
    0x08001754   0x08001754   0x00000002   Code   RO         1970    .text.NMI_Handler   stm32f10x_it.o
    0x08001756   0x08001756   0x0000000a   PAD
    0x08001760   0x08001760   0x00000044   Code   RO          243    .text.PendSV_Handler  port.o
    0x080017a4   0x080017a4   0x00000038   Code   RO         1132    .text.RCC_APB1PeriphClockCmd  stm32f10x_rcc.o
    0x080017dc   0x080017dc   0x00000038   Code   RO         1130    .text.RCC_APB2PeriphClockCmd  stm32f10x_rcc.o
    0x08001814   0x08001814   0x00000172   Code   RO         1126    .text.RCC_GetClocksFreq  stm32f10x_rcc.o
    0x08001986   0x08001986   0x00000002   PAD
    0x08001988   0x08001988   0x0000002c   Code   RO         1271    .text.SPI_Cmd       stm32f10x_spi.o
    0x080019b4   0x080019b4   0x0000005a   Code   RO           89    .text.SPI_ExchangeByte  SPI.o
    0x08001a0e   0x08001a0e   0x00000002   PAD
    0x08001a10   0x08001a10   0x00000036   Code   RO         1299    .text.SPI_I2S_GetFlagStatus  stm32f10x_spi.o
    0x08001a46   0x08001a46   0x00000002   PAD
    0x08001a48   0x08001a48   0x0000000c   Code   RO         1281    .text.SPI_I2S_ReceiveData  stm32f10x_spi.o
    0x08001a54   0x08001a54   0x00000014   Code   RO         1279    .text.SPI_I2S_SendData  stm32f10x_spi.o
    0x08001a68   0x08001a68   0x00000068   Code   RO         1263    .text.SPI_Init      stm32f10x_spi.o
    0x08001ad0   0x08001ad0   0x000000c2   Code   RO           87    .text.SPI_Initilize  SPI.o
    0x08001b92   0x08001b92   0x00000002   PAD
    0x08001b94   0x08001b94   0x0000001e   Code   RO           81    .text.SPI_SS        SPI.o
    0x08001bb2   0x08001bb2   0x0000000e   PAD
    0x08001bc0   0x08001bc0   0x00000024   Code   RO          229    .text.SVC_Handler   port.o
    0x08001be4   0x08001be4   0x00000008   Code   RO         1901    .text.SetSysClock   system_stm32f10x.o
    0x08001bec   0x08001bec   0x00000122   Code   RO         1905    .text.SetSysClockTo72  system_stm32f10x.o
    0x08001d0e   0x08001d0e   0x00000002   PAD
    0x08001d10   0x08001d10   0x0000003c   Code   RO          245    .text.SysTick_Handler  port.o
    0x08001d4c   0x08001d4c   0x00000066   Code   RO         1899    .text.SystemInit    system_stm32f10x.o
    0x08001db2   0x08001db2   0x00000002   PAD
    0x08001db4   0x08001db4   0x0000010c   Code   RO          114    .text.USART1_IRQHandler  Serial.o
    0x08001ec0   0x08001ec0   0x00000044   Code   RO         1559    .text.USART_ClearITPendingBit  stm32f10x_usart.o
    0x08001f04   0x08001f04   0x000000b0   Code   RO         1557    .text.USART_GetITStatus  stm32f10x_usart.o
    0x08001fb4   0x08001fb4   0x00000010   Code   RO         1531    .text.USART_ReceiveData  stm32f10x_usart.o
    0x08001fc4   0x08001fc4   0x00000004   Code   RO         1978    .text.UsageFault_Handler  stm32f10x_it.o
    0x08001fc8   0x08001fc8   0x000000ea   Code   RO         1954    .text.main          main.o
    0x080020b2   0x080020b2   0x00000002   PAD
    0x080020b4   0x080020b4   0x00000030   Code   RO         1681    .text.mypow         2.4TFT.o
    0x080020e4   0x080020e4   0x0000003c   Code   RO          363    .text.prvResetNextTaskUnblockTime  tasks.o
    0x08002120   0x08002120   0x00000092   Code   RO          385    .text.vTaskSwitchContext  tasks.o
    0x080021b2   0x080021b2   0x00000002   PAD
    0x080021b4   0x080021b4   0x0000024a   Code   RO          399    .text.xTaskIncrementTick  tasks.o
    0x080023fe   0x080023fe   0x00000004   Data   RO         1151    .rodata.ADCPrescTable  stm32f10x_rcc.o
    0x08002402   0x08002402   0x00000010   Data   RO         1150    .rodata.APBAHBPrescTable  stm32f10x_rcc.o
    0x08002412   0x08002412   0x00000474   Data   RO         1699    .rodata.asc2_1206   2.4TFT.o
    0x08002886   0x08002886   0x000005f0   Data   RO         1700    .rodata.asc2_1608   2.4TFT.o
    0x08002e76   0x08002e76   0x00000002   PAD
    0x08002e78   0x08002e78   0x00000020   Data   RO         2360    Region$$Table       anon$$obj.o


    Execution Region RW_IRAM1 (Exec base: 0x20000000, Load base: 0x08002e98, Size: 0x00000780, Max: 0x00005000, ABSOLUTE)

    Exec Addr    Load Addr    Size         Type   Attr      Idx    E Section Name        Object

    0x20000000   0x08002e98   0x00000002   Data   RW         1705    .data.BACK_COLOR    2.4TFT.o
    0x20000002   0x08002e9a   0x00000006   PAD
    0x20000008        -       0x00000060   Zero   RW         2216    .bss                c_w.l(libspace.o)
    0x20000068        -       0x00000002   Zero   RW         1957    .bss.AccX           main.o
    0x2000006a        -       0x00000002   Zero   RW         1958    .bss.AccY           main.o
    0x2000006c        -       0x00000002   Zero   RW         1959    .bss.AccZ           main.o
    0x2000006e        -       0x00000002   Zero   RW         1823    .bss.Count          Through_Beam_Sensor.o
    0x20000070        -       0x00000002   Zero   RW         1798    .bss.Encoder_Count  Rotary_Encoder.o
    0x20000072        -       0x00000002   Zero   RW         1797    .bss.Flag           Rotary_Encoder.o
    0x20000074        -       0x00000002   Zero   RW         1960    .bss.GyroX          main.o
    0x20000076        -       0x00000002   Zero   RW         1961    .bss.GyroY          main.o
    0x20000078        -       0x00000002   Zero   RW         1962    .bss.GyroZ          main.o
    0x2000007a        -       0x00000001   Zero   RW         1956    .bss.ID             main.o
    0x2000007b   0x08002e9a   0x00000001   PAD
    0x2000007c        -       0x00000002   Zero   RW         1704    .bss.POINT_COLOR    2.4TFT.o
    0x2000007e        -       0x00000001   Zero   RW          121    .bss.Serial_RxFlag  Serial.o
    0x2000007f        -       0x00000064   Zero   RW          120    .bss.Serial_RxPackage  Serial.o
    0x200000e3        -       0x00000001   Zero   RW          119    .bss.USART1_IRQHandler.Queue  Serial.o
    0x200000e4        -       0x00000001   Zero   RW          118    .bss.USART1_IRQHandler.RxState  Serial.o
    0x200000e5   0x08002e9a   0x00000001   PAD
    0x200000e6        -       0x0000000e   Zero   RW         1706    .bss.lcddev         2.4TFT.o
    0x200000f4        -       0x00000004   Zero   RW          449    .bss.pxCurrentTCB   tasks.o
    0x200000f8        -       0x00000004   Zero   RW          467    .bss.pxDelayedTaskList  tasks.o
    0x200000fc        -       0x00000004   Zero   RW          468    .bss.pxOverflowDelayedTaskList  tasks.o
    0x20000100        -       0x00000064   Zero   RW          451    .bss.pxReadyTasksLists  tasks.o
    0x20000164        -       0x00000004   Zero   RW          460    .bss.uxSchedulerSuspended  tasks.o
    0x20000168        -       0x00000004   Zero   RW          452    .bss.uxTopReadyPriority  tasks.o
    0x2000016c        -       0x00000002   Zero   RW          465    .bss.xNextTaskUnblockTime  tasks.o
    0x2000016e   0x08002e9a   0x00000002   PAD
    0x20000170        -       0x00000004   Zero   RW          469    .bss.xNumOfOverflows  tasks.o
    0x20000174        -       0x00000002   Zero   RW          466    .bss.xPendedTicks   tasks.o
    0x20000176        -       0x00000002   Zero   RW          458    .bss.xTickCount     tasks.o
    0x20000178        -       0x00000004   Zero   RW          461    .bss.xYieldPending  tasks.o
    0x2000017c   0x08002e9a   0x00000004   PAD
    0x20000180        -       0x00000200   Zero   RW            2    HEAP                startup_stm32f10x_md.o
    0x20000380        -       0x00000400   Zero   RW            1    STACK               startup_stm32f10x_md.o


==============================================================================

Image component sizes


      Code (inc. data)   RO Data    RW Data    ZI Data      Debug   Object Name

      2848          4       2660          2         16      13728   2.4TFT.o
       116          0          0          0          0       1252   Delay.o
       788          0          0          0          0       3625   MPU6050.o
       180          0          0          0          4       4244   Rotary_Encoder.o
       314          0          0          0          0       3112   SPI.o
       268          0          0          0        103       5900   Serial.o
        42          0          0          0          2       3870   Through_Beam_Sensor.o
       234          0          0          0         13        957   main.o
       164          8          0          0          0       2909   port.o
        64         26        236          0       1536        964   startup_stm32f10x_md.o
        96          0          0          0          0       2876   stm32f10x_exti.o
       486          0          0          0          0       5699   stm32f10x_gpio.o
       826          0          0          0          0       7883   stm32f10x_i2c.o
        20          0          0          0          0        918   stm32f10x_it.o
       482          0         20          0          0       7027   stm32f10x_rcc.o
       234          0          0          0          0       6611   stm32f10x_spi.o
       260          0          0          0          0       7500   stm32f10x_usart.o
       400          0          0          0          0       2896   system_stm32f10x.o
       792          0          0          0        134      17571   tasks.o

    ----------------------------------------------------------------------
      8698         38       2950          4       1820      99542   Object Totals
         0          0         32          0          0          0   (incl. Generated)
        84          0          2          2         12          0   (incl. Padding)

    ----------------------------------------------------------------------

      Code (inc. data)   RO Data    RW Data    ZI Data      Debug   Library Member Name

         8          0          0          0          0         68   __main.o
         0          0          0          0          0          0   __rtentry.o
        12          0          0          0          0          0   __rtentry2.o
         6          0          0          0          0          0   __rtentry4.o
        52          8          0          0          0          0   __scatter.o
        26          0          0          0          0          0   __scatter_copy.o
        28          0          0          0          0          0   __scatter_zi.o
        18          0          0          0          0         80   exit.o
         6          0          0          0          0        152   heapauxi.o
         0          0          0          0          0          0   indicate_semi.o
         2          0          0          0          0          0   libinit.o
         2          0          0          0          0          0   libinit2.o
         2          0          0          0          0          0   libshutdown.o
         2          0          0          0          0          0   libshutdown2.o
         8          4          0          0         96         68   libspace.o
         2          0          0          0          0          0   rtexit.o
        10          0          0          0          0          0   rtexit2.o
        12          4          0          0          0         68   sys_exit.o
        74          0          0          0          0         80   sys_stackheap_outer.o
         2          0          0          0          0         68   use_no_semi.o

    ----------------------------------------------------------------------
       280         16          0          0         96        584   Library Totals
         8          0          0          0          0          0   (incl. Padding)

    ----------------------------------------------------------------------

      Code (inc. data)   RO Data    RW Data    ZI Data      Debug   Library Name

       272         16          0          0         96        584   c_w.l

    ----------------------------------------------------------------------
       280         16          0          0         96        584   Library Totals

    ----------------------------------------------------------------------

==============================================================================


      Code (inc. data)   RO Data    RW Data    ZI Data      Debug   

      8978         54       2950          4       1916      99678   Grand Totals
      8978         54       2950          4       1916      99678   ELF Image Totals
      8978         54       2950          4          0          0   ROM Totals

==============================================================================

    Total RO  Size (Code + RO Data)                11928 (  11.65kB)
    Total RW  Size (RW Data + ZI Data)              1920 (   1.88kB)
    Total ROM Size (Code + RO Data + RW Data)      11932 (  11.65kB)

==============================================================================

